Component: ARM Compiler 5.06 update 5 (build 528) Tool: armlink [4d35e2]

==============================================================================

Section Cross References

    main.o(.text) refers to ms5611.o(.text) for update_baro
    main.o(.text) refers to d2f.o(.text) for __aeabi_d2f
    main.o(.text) refers to delay.o(.text) for delay_init
    main.o(.text) refers to copter_config.o(.text) for board_leds_config
    main.o(.text) refers to stm32f4xx_rcc.o(.text) for RCC_AHB1PeriphClockCmd
    main.o(.text) refers to stm32f4xx_gpio.o(.text) for GPIO_Init
    main.o(.text) refers to dflti.o(.text) for __aeabi_i2d
    main.o(.text) refers to dfltui.o(.text) for __aeabi_ui2d
    main.o(.text) refers to dmul.o(.text) for __aeabi_dmul
    main.o(.text) refers to main.o(.data) for .data
    system_stm32f4xx.o(.text) refers to system_stm32f4xx.o(.data) for .data
    copter_config.o(.text) refers to stm32f4xx_rcc.o(.text) for RCC_AHB1PeriphClockCmd
    copter_config.o(.text) refers to stm32f4xx_gpio.o(.text) for GPIO_Init
    copter_config.o(.text) refers to copter_config.o(.data) for .data
    startup_stm32f40_41xxx.o(RESET) refers to startup_stm32f40_41xxx.o(STACK) for __initial_sp
    startup_stm32f40_41xxx.o(RESET) refers to startup_stm32f40_41xxx.o(.text) for Reset_Handler
    startup_stm32f40_41xxx.o(RESET) refers to stm32f4xx_it.o(.text) for NMI_Handler
    startup_stm32f40_41xxx.o(.text) refers to system_stm32f4xx.o(.text) for SystemInit
    startup_stm32f40_41xxx.o(.text) refers to entry.o(.ARM.Collect$$$$00000000) for __main
    stm32f4xx_dma2d.o(.text) refers to stm32f4xx_rcc.o(.text) for RCC_AHB1PeriphResetCmd
    stm32f4xx_fsmc.o(.text) refers to stm32f4xx_fsmc.o(.constdata) for .constdata
    stm32f4xx_gpio.o(.text) refers to stm32f4xx_rcc.o(.text) for RCC_AHB1PeriphResetCmd
    stm32f4xx_i2c.o(.text) refers to stm32f4xx_rcc.o(.text) for RCC_APB1PeriphResetCmd
    stm32f4xx_rcc.o(.text) refers to stm32f4xx_rcc.o(.data) for .data
    stm32f4xx_rng.o(.text) refers to stm32f4xx_rcc.o(.text) for RCC_AHB2PeriphResetCmd
    stm32f4xx_sdio.o(.text) refers to stm32f4xx_rcc.o(.text) for RCC_APB2PeriphResetCmd
    stm32f4xx_syscfg.o(.text) refers to stm32f4xx_rcc.o(.text) for RCC_APB2PeriphResetCmd
    stm32f4xx_tim.o(.text) refers to stm32f4xx_rcc.o(.text) for RCC_APB2PeriphResetCmd
    stm32f4xx_usart.o(.text) refers to stm32f4xx_rcc.o(.text) for RCC_APB2PeriphResetCmd
    delay.o(.text) refers to misc.o(.text) for SysTick_CLKSourceConfig
    delay.o(.text) refers to delay.o(.data) for .data
    ioi2c.o(.text) refers to stm32f4xx_rcc.o(.text) for RCC_AHB1PeriphClockCmd
    ioi2c.o(.text) refers to stm32f4xx_gpio.o(.text) for GPIO_Init
    ioi2c.o(.text) refers to delay.o(.text) for delay_us
    ioi2c.o(.text) refers to ioi2c.o(.data) for .data
    ms5611.o(.text) refers to ioi2c.o(.text) for IICreadBytes
    ms5611.o(.text) refers to delay.o(.text) for delay_ms
    ms5611.o(.text) refers to ddiv.o(.text) for __aeabi_ddiv
    ms5611.o(.text) refers to pow.o(i.__hardfp_pow) for __hardfp_pow
    ms5611.o(.text) refers to dadd.o(.text) for __aeabi_drsub
    ms5611.o(.text) refers to dmul.o(.text) for __aeabi_dmul
    ms5611.o(.text) refers to ldiv.o(.text) for __aeabi_ldivmod
    ms5611.o(.text) refers to dflti.o(.text) for __aeabi_i2d
    ms5611.o(.text) refers to dfltui.o(.text) for __aeabi_ui2d
    ms5611.o(.text) refers to cdrcmple.o(.text) for __aeabi_cdrcmple
    ms5611.o(.text) refers to d2f.o(.text) for __aeabi_d2f
    ms5611.o(.text) refers to dfixi.o(.text) for __aeabi_d2iz
    ms5611.o(.text) refers to ms5611.o(.bss) for .bss
    ms5611.o(.text) refers to ms5611.o(.data) for .data
    pow.o(i.__hardfp_pow) refers (Special) to iusefp.o(.text) for __I$use$fp
    pow.o(i.__hardfp_pow) refers to dunder.o(i.__mathlib_dbl_infnan2) for __mathlib_dbl_infnan2
    pow.o(i.__hardfp_pow) refers to errno.o(i.__set_errno) for __set_errno
    pow.o(i.__hardfp_pow) refers to dunder.o(i.__mathlib_dbl_divzero) for __mathlib_dbl_divzero
    pow.o(i.__hardfp_pow) refers to dunder.o(i.__mathlib_dbl_overflow) for __mathlib_dbl_overflow
    pow.o(i.__hardfp_pow) refers to ddiv.o(.text) for __aeabi_ddiv
    pow.o(i.__hardfp_pow) refers to sqrt.o(i.sqrt) for sqrt
    pow.o(i.__hardfp_pow) refers to fabs.o(i.fabs) for fabs
    pow.o(i.__hardfp_pow) refers to dflti.o(.text) for __aeabi_i2d
    pow.o(i.__hardfp_pow) refers to dunder.o(i.__mathlib_dbl_invalid) for __mathlib_dbl_invalid
    pow.o(i.__hardfp_pow) refers to dmul.o(.text) for __aeabi_dmul
    pow.o(i.__hardfp_pow) refers to dunder.o(i.__mathlib_dbl_underflow) for __mathlib_dbl_underflow
    pow.o(i.__hardfp_pow) refers to dadd.o(.text) for __aeabi_dsub
    pow.o(i.__hardfp_pow) refers to qnan.o(.constdata) for __mathlib_zero
    pow.o(i.__hardfp_pow) refers to poly.o(i.__kernel_poly) for __kernel_poly
    pow.o(i.__hardfp_pow) refers to pow.o(.constdata) for .constdata
    pow.o(i.__hardfp_pow) refers to cdrcmple.o(.text) for __aeabi_cdrcmple
    pow.o(i.__hardfp_pow) refers to dscalb.o(.text) for __ARM_scalbn
    pow.o(i.__hardfp_pow) refers to fpclassify.o(i.__ARM_fpclassify) for __ARM_fpclassify
    pow.o(i.__softfp_pow) refers (Special) to iusefp.o(.text) for __I$use$fp
    pow.o(i.__softfp_pow) refers to pow.o(i.__hardfp_pow) for __hardfp_pow
    pow.o(i.pow) refers (Special) to iusefp.o(.text) for __I$use$fp
    pow.o(i.pow) refers to pow.o(i.__hardfp_pow) for __hardfp_pow
    pow.o(.constdata) refers (Special) to iusefp.o(.text) for __I$use$fp
    pow_x.o(i.____hardfp_pow$lsc) refers (Special) to iusefp.o(.text) for __I$use$fp
    pow_x.o(i.____hardfp_pow$lsc) refers to dunder.o(i.__mathlib_dbl_infnan2) for __mathlib_dbl_infnan2
    pow_x.o(i.____hardfp_pow$lsc) refers to errno.o(i.__set_errno) for __set_errno
    pow_x.o(i.____hardfp_pow$lsc) refers to ddiv.o(.text) for __aeabi_ddiv
    pow_x.o(i.____hardfp_pow$lsc) refers to sqrt.o(i.sqrt) for sqrt
    pow_x.o(i.____hardfp_pow$lsc) refers to fabs.o(i.fabs) for fabs
    pow_x.o(i.____hardfp_pow$lsc) refers to dflti.o(.text) for __aeabi_i2d
    pow_x.o(i.____hardfp_pow$lsc) refers to dmul.o(.text) for __aeabi_dmul
    pow_x.o(i.____hardfp_pow$lsc) refers to dadd.o(.text) for __aeabi_dsub
    pow_x.o(i.____hardfp_pow$lsc) refers to qnan.o(.constdata) for __mathlib_zero
    pow_x.o(i.____hardfp_pow$lsc) refers to poly.o(i.__kernel_poly) for __kernel_poly
    pow_x.o(i.____hardfp_pow$lsc) refers to pow_x.o(.constdata) for .constdata
    pow_x.o(i.____hardfp_pow$lsc) refers to cdrcmple.o(.text) for __aeabi_cdrcmple
    pow_x.o(i.____hardfp_pow$lsc) refers to dscalb.o(.text) for __ARM_scalbn
    pow_x.o(i.____softfp_pow$lsc) refers (Special) to iusefp.o(.text) for __I$use$fp
    pow_x.o(i.____softfp_pow$lsc) refers to pow_x.o(i.____hardfp_pow$lsc) for ____hardfp_pow$lsc
    pow_x.o(i.__pow$lsc) refers (Special) to iusefp.o(.text) for __I$use$fp
    pow_x.o(i.__pow$lsc) refers to pow_x.o(i.____hardfp_pow$lsc) for ____hardfp_pow$lsc
    pow_x.o(.constdata) refers (Special) to iusefp.o(.text) for __I$use$fp
    entry.o(.ARM.Collect$$$$00000000) refers (Special) to entry10a.o(.ARM.Collect$$$$0000000D) for __rt_final_cpp
    entry.o(.ARM.Collect$$$$00000000) refers (Special) to entry11a.o(.ARM.Collect$$$$0000000F) for __rt_final_exit
    entry.o(.ARM.Collect$$$$00000000) refers (Special) to entry7b.o(.ARM.Collect$$$$00000008) for _main_clock
    entry.o(.ARM.Collect$$$$00000000) refers (Special) to entry8b.o(.ARM.Collect$$$$0000000A) for _main_cpp_init
    entry.o(.ARM.Collect$$$$00000000) refers (Special) to entry9a.o(.ARM.Collect$$$$0000000B) for _main_init
    entry.o(.ARM.Collect$$$$00000000) refers (Special) to entry5.o(.ARM.Collect$$$$00000004) for _main_scatterload
    entry.o(.ARM.Collect$$$$00000000) refers (Special) to entry2.o(.ARM.Collect$$$$00000001) for _main_stk
    ldiv.o(.text) refers to uldiv.o(.text) for __aeabi_uldivmod
    dadd.o(.text) refers (Special) to iusefp.o(.text) for __I$use$fp
    dadd.o(.text) refers to llshl.o(.text) for __aeabi_llsl
    dadd.o(.text) refers to llsshr.o(.text) for __aeabi_lasr
    dadd.o(.text) refers to depilogue.o(.text) for _double_epilogue
    dmul.o(.text) refers (Special) to iusefp.o(.text) for __I$use$fp
    dmul.o(.text) refers to depilogue.o(.text) for _double_epilogue
    ddiv.o(.text) refers (Special) to iusefp.o(.text) for __I$use$fp
    ddiv.o(.text) refers to depilogue.o(.text) for _double_round
    dflti.o(.text) refers (Special) to iusefp.o(.text) for __I$use$fp
    dflti.o(.text) refers to depilogue.o(.text) for _double_epilogue
    dfltui.o(.text) refers (Special) to iusefp.o(.text) for __I$use$fp
    dfltui.o(.text) refers to depilogue.o(.text) for _double_epilogue
    dfixi.o(.text) refers (Special) to iusefp.o(.text) for __I$use$fp
    dfixi.o(.text) refers to llushr.o(.text) for __aeabi_llsr
    cdrcmple.o(.text) refers (Special) to iusefp.o(.text) for __I$use$fp
    d2f.o(.text) refers (Special) to iusefp.o(.text) for __I$use$fp
    d2f.o(.text) refers to fepilogue.o(.text) for _float_round
    dunder.o(i.__mathlib_dbl_divzero) refers to ddiv.o(.text) for __aeabi_ddiv
    dunder.o(i.__mathlib_dbl_infnan) refers to dadd.o(.text) for __aeabi_dadd
    dunder.o(i.__mathlib_dbl_infnan2) refers to dadd.o(.text) for __aeabi_dadd
    dunder.o(i.__mathlib_dbl_invalid) refers to ddiv.o(.text) for __aeabi_ddiv
    dunder.o(i.__mathlib_dbl_overflow) refers to dmul.o(.text) for __aeabi_dmul
    dunder.o(i.__mathlib_dbl_posinfnan) refers to dmul.o(.text) for __aeabi_dmul
    dunder.o(i.__mathlib_dbl_underflow) refers to dmul.o(.text) for __aeabi_dmul
    fabs.o(i.__hardfp_fabs) refers (Special) to iusefp.o(.text) for __I$use$fp
    fabs.o(i.__softfp_fabs) refers (Special) to iusefp.o(.text) for __I$use$fp
    fabs.o(i.fabs) refers (Special) to iusefp.o(.text) for __I$use$fp
    fpclassify.o(i.__ARM_fpclassify) refers (Special) to iusefp.o(.text) for __I$use$fp
    poly.o(i.__kernel_poly) refers (Special) to iusefp.o(.text) for __I$use$fp
    poly.o(i.__kernel_poly) refers to dmul.o(.text) for __aeabi_dmul
    poly.o(i.__kernel_poly) refers to dadd.o(.text) for __aeabi_dadd
    qnan.o(.constdata) refers (Special) to iusefp.o(.text) for __I$use$fp
    sqrt.o(i.__hardfp_sqrt) refers (Special) to iusefp.o(.text) for __I$use$fp
    sqrt.o(i.__hardfp_sqrt) refers to dsqrt.o(.text) for _dsqrt
    sqrt.o(i.__hardfp_sqrt) refers to errno.o(i.__set_errno) for __set_errno
    sqrt.o(i.__softfp_sqrt) refers (Special) to iusefp.o(.text) for __I$use$fp
    sqrt.o(i.__softfp_sqrt) refers to dsqrt.o(.text) for _dsqrt
    sqrt.o(i.__softfp_sqrt) refers to errno.o(i.__set_errno) for __set_errno
    sqrt.o(i.sqrt) refers (Special) to iusefp.o(.text) for __I$use$fp
    sqrt.o(i.sqrt) refers to dsqrt.o(.text) for _dsqrt
    sqrt.o(i.sqrt) refers to errno.o(i.__set_errno) for __set_errno
    sqrt_x.o(i.____hardfp_sqrt$lsc) refers (Special) to iusefp.o(.text) for __I$use$fp
    sqrt_x.o(i.____hardfp_sqrt$lsc) refers to cdcmple.o(.text) for __aeabi_cdcmple
    sqrt_x.o(i.____hardfp_sqrt$lsc) refers to errno.o(i.__set_errno) for __set_errno
    sqrt_x.o(i.____hardfp_sqrt$lsc) refers to dsqrt.o(.text) for _dsqrt
    sqrt_x.o(i.____softfp_sqrt$lsc) refers (Special) to iusefp.o(.text) for __I$use$fp
    sqrt_x.o(i.____softfp_sqrt$lsc) refers to cdcmple.o(.text) for __aeabi_cdcmple
    sqrt_x.o(i.____softfp_sqrt$lsc) refers to errno.o(i.__set_errno) for __set_errno
    sqrt_x.o(i.____softfp_sqrt$lsc) refers to dsqrt.o(.text) for _dsqrt
    sqrt_x.o(i.__sqrt$lsc) refers (Special) to iusefp.o(.text) for __I$use$fp
    sqrt_x.o(i.__sqrt$lsc) refers to cdcmple.o(.text) for __aeabi_cdcmple
    sqrt_x.o(i.__sqrt$lsc) refers to errno.o(i.__set_errno) for __set_errno
    sqrt_x.o(i.__sqrt$lsc) refers to dsqrt.o(.text) for _dsqrt
    entry2.o(.ARM.Collect$$$$00000001) refers to entry2.o(.ARM.Collect$$$$00002712) for __lit__00000000
    entry2.o(.ARM.Collect$$$$00002712) refers to startup_stm32f40_41xxx.o(STACK) for __initial_sp
    entry2.o(__vectab_stack_and_reset_area) refers to startup_stm32f40_41xxx.o(STACK) for __initial_sp
    entry2.o(__vectab_stack_and_reset_area) refers to entry.o(.ARM.Collect$$$$00000000) for __main
    entry5.o(.ARM.Collect$$$$00000004) refers to init.o(.text) for __scatterload
    entry9a.o(.ARM.Collect$$$$0000000B) refers to main.o(.text) for main
    entry9b.o(.ARM.Collect$$$$0000000C) refers to main.o(.text) for main
    uldiv.o(.text) refers to llushr.o(.text) for __aeabi_llsr
    uldiv.o(.text) refers to llshl.o(.text) for __aeabi_llsl
    errno.o(i.__aeabi_errno_addr) refers to errno.o(.data) for .data
    errno.o(i.__read_errno) refers to errno.o(.data) for .data
    errno.o(i.__set_errno) refers to errno.o(.data) for .data
    depilogue.o(.text) refers to llshl.o(.text) for __aeabi_llsl
    depilogue.o(.text) refers to llushr.o(.text) for __aeabi_llsr
    init.o(.text) refers to entry5.o(.ARM.Collect$$$$00000004) for __main_after_scatterload
    dsqrt.o(.text) refers to llushr.o(.text) for __aeabi_llsr
    dsqrt.o(.text) refers to depilogue.o(.text) for _double_round


==============================================================================

Removing Unused input sections from the image.

    Removing main.o(.rev16_text), (4 bytes).
    Removing main.o(.revsh_text), (4 bytes).
    Removing stm32f4xx_it.o(.rev16_text), (4 bytes).
    Removing stm32f4xx_it.o(.revsh_text), (4 bytes).
    Removing system_stm32f4xx.o(.rev16_text), (4 bytes).
    Removing system_stm32f4xx.o(.revsh_text), (4 bytes).
    Removing copter_config.o(.rev16_text), (4 bytes).
    Removing copter_config.o(.revsh_text), (4 bytes).
    Removing copter_config.o(.bss), (16 bytes).
    Removing copter_config.o(.bss), (16 bytes).
    Removing copter_config.o(.bss), (16 bytes).
    Removing copter_config.o(.bss), (12 bytes).
    Removing copter_config.o(.bss), (20 bytes).
    Removing copter_config.o(.data), (4 bytes).
    Removing copter_config.o(.data), (8 bytes).
    Removing startup_stm32f40_41xxx.o(HEAP), (512 bytes).
    Removing misc.o(.rev16_text), (4 bytes).
    Removing misc.o(.revsh_text), (4 bytes).
    Removing stm32f4xx_dbgmcu.o(.rev16_text), (4 bytes).
    Removing stm32f4xx_dbgmcu.o(.revsh_text), (4 bytes).
    Removing stm32f4xx_dbgmcu.o(.text), (76 bytes).
    Removing stm32f4xx_dma2d.o(.rev16_text), (4 bytes).
    Removing stm32f4xx_dma2d.o(.revsh_text), (4 bytes).
    Removing stm32f4xx_dma2d.o(.text), (692 bytes).
    Removing stm32f4xx_dma.o(.rev16_text), (4 bytes).
    Removing stm32f4xx_dma.o(.revsh_text), (4 bytes).
    Removing stm32f4xx_dma.o(.text), (800 bytes).
    Removing stm32f4xx_exti.o(.rev16_text), (4 bytes).
    Removing stm32f4xx_exti.o(.revsh_text), (4 bytes).
    Removing stm32f4xx_exti.o(.text), (224 bytes).
    Removing stm32f4xx_flash.o(.rev16_text), (4 bytes).
    Removing stm32f4xx_flash.o(.revsh_text), (4 bytes).
    Removing stm32f4xx_flash.o(.text), (1256 bytes).
    Removing stm32f4xx_flash_ramfunc.o(.rev16_text), (4 bytes).
    Removing stm32f4xx_flash_ramfunc.o(.revsh_text), (4 bytes).
    Removing stm32f4xx_flash_ramfunc.o(.text), (48 bytes).
    Removing stm32f4xx_fsmc.o(.rev16_text), (4 bytes).
    Removing stm32f4xx_fsmc.o(.revsh_text), (4 bytes).
    Removing stm32f4xx_fsmc.o(.text), (1096 bytes).
    Removing stm32f4xx_fsmc.o(.constdata), (28 bytes).
    Removing stm32f4xx_gpio.o(.rev16_text), (4 bytes).
    Removing stm32f4xx_gpio.o(.revsh_text), (4 bytes).
    Removing stm32f4xx_i2c.o(.rev16_text), (4 bytes).
    Removing stm32f4xx_i2c.o(.revsh_text), (4 bytes).
    Removing stm32f4xx_i2c.o(.text), (864 bytes).
    Removing stm32f4xx_rcc.o(.rev16_text), (4 bytes).
    Removing stm32f4xx_rcc.o(.revsh_text), (4 bytes).
    Removing stm32f4xx_rng.o(.rev16_text), (4 bytes).
    Removing stm32f4xx_rng.o(.revsh_text), (4 bytes).
    Removing stm32f4xx_rng.o(.text), (140 bytes).
    Removing stm32f4xx_rtc.o(.rev16_text), (4 bytes).
    Removing stm32f4xx_rtc.o(.revsh_text), (4 bytes).
    Removing stm32f4xx_rtc.o(.text), (2636 bytes).
    Removing stm32f4xx_sdio.o(.rev16_text), (4 bytes).
    Removing stm32f4xx_sdio.o(.revsh_text), (4 bytes).
    Removing stm32f4xx_sdio.o(.text), (440 bytes).
    Removing stm32f4xx_syscfg.o(.rev16_text), (4 bytes).
    Removing stm32f4xx_syscfg.o(.revsh_text), (4 bytes).
    Removing stm32f4xx_syscfg.o(.text), (124 bytes).
    Removing stm32f4xx_tim.o(.rev16_text), (4 bytes).
    Removing stm32f4xx_tim.o(.revsh_text), (4 bytes).
    Removing stm32f4xx_tim.o(.text), (2524 bytes).
    Removing stm32f4xx_usart.o(.rev16_text), (4 bytes).
    Removing stm32f4xx_usart.o(.revsh_text), (4 bytes).
    Removing stm32f4xx_usart.o(.text), (856 bytes).
    Removing delay.o(.rev16_text), (4 bytes).
    Removing delay.o(.revsh_text), (4 bytes).
    Removing sys.o(.rev16_text), (4 bytes).
    Removing sys.o(.revsh_text), (4 bytes).
    Removing sys.o(.emb_text), (16 bytes).
    Removing ioi2c.o(.rev16_text), (4 bytes).
    Removing ioi2c.o(.revsh_text), (4 bytes).
    Removing ms5611.o(.rev16_text), (4 bytes).
    Removing ms5611.o(.revsh_text), (4 bytes).
    Removing dneg.o(.text), (6 bytes).
    Removing cdcmple.o(.text), (48 bytes).

76 unused section(s) (total 12678 bytes) removed from the image.

==============================================================================

Image Symbol Table

    Local Symbols

    Symbol Name                              Value     Ov Type        Size  Object(Section)

    ../clib/microlib/division.c              0x00000000   Number         0  uldiv.o ABSOLUTE
    ../clib/microlib/division.c              0x00000000   Number         0  ldiv.o ABSOLUTE
    ../clib/microlib/errno.c                 0x00000000   Number         0  errno.o ABSOLUTE
    ../clib/microlib/init/entry.s            0x00000000   Number         0  entry9b.o ABSOLUTE
    ../clib/microlib/init/entry.s            0x00000000   Number         0  entry2.o ABSOLUTE
    ../clib/microlib/init/entry.s            0x00000000   Number         0  entry11b.o ABSOLUTE
    ../clib/microlib/init/entry.s            0x00000000   Number         0  entry5.o ABSOLUTE
    ../clib/microlib/init/entry.s            0x00000000   Number         0  entry11a.o ABSOLUTE
    ../clib/microlib/init/entry.s            0x00000000   Number         0  entry10b.o ABSOLUTE
    ../clib/microlib/init/entry.s            0x00000000   Number         0  entry10a.o ABSOLUTE
    ../clib/microlib/init/entry.s            0x00000000   Number         0  entry7a.o ABSOLUTE
    ../clib/microlib/init/entry.s            0x00000000   Number         0  entry9a.o ABSOLUTE
    ../clib/microlib/init/entry.s            0x00000000   Number         0  entry8b.o ABSOLUTE
    ../clib/microlib/init/entry.s            0x00000000   Number         0  entry8a.o ABSOLUTE
    ../clib/microlib/init/entry.s            0x00000000   Number         0  entry7b.o ABSOLUTE
    ../clib/microlib/init/entry.s            0x00000000   Number         0  entry.o ABSOLUTE
    ../clib/microlib/longlong.c              0x00000000   Number         0  llshl.o ABSOLUTE
    ../clib/microlib/longlong.c              0x00000000   Number         0  llushr.o ABSOLUTE
    ../clib/microlib/longlong.c              0x00000000   Number         0  llsshr.o ABSOLUTE
    ../clib/microlib/stubs.s                 0x00000000   Number         0  iusefp.o ABSOLUTE
    ../fplib/microlib/d2f.c                  0x00000000   Number         0  d2f.o ABSOLUTE
    ../fplib/microlib/fpadd.c                0x00000000   Number         0  dadd.o ABSOLUTE
    ../fplib/microlib/fpdiv.c                0x00000000   Number         0  ddiv.o ABSOLUTE
    ../fplib/microlib/fpepilogue.c           0x00000000   Number         0  depilogue.o ABSOLUTE
    ../fplib/microlib/fpepilogue.c           0x00000000   Number         0  fepilogue.o ABSOLUTE
    ../fplib/microlib/fpfix.c                0x00000000   Number         0  dfixi.o ABSOLUTE
    ../fplib/microlib/fpflt.c                0x00000000   Number         0  dfltui.o ABSOLUTE
    ../fplib/microlib/fpflt.c                0x00000000   Number         0  dflti.o ABSOLUTE
    ../fplib/microlib/fpmul.c                0x00000000   Number         0  dmul.o ABSOLUTE
    ../fplib/microlib/fpneg.c                0x00000000   Number         0  dneg.o ABSOLUTE
    ../fplib/microlib/fpscalb.c              0x00000000   Number         0  dscalb.o ABSOLUTE
    ../fplib/microlib/fpsqrt.c               0x00000000   Number         0  dsqrt.o ABSOLUTE
    ../mathlib/dunder.c                      0x00000000   Number         0  dunder.o ABSOLUTE
    ../mathlib/fabs.c                        0x00000000   Number         0  fabs.o ABSOLUTE
    ../mathlib/fpclassify.c                  0x00000000   Number         0  fpclassify.o ABSOLUTE
    ../mathlib/poly.c                        0x00000000   Number         0  poly.o ABSOLUTE
    ../mathlib/pow.c                         0x00000000   Number         0  pow.o ABSOLUTE
    ../mathlib/pow.c                         0x00000000   Number         0  pow_x.o ABSOLUTE
    ../mathlib/qnan.c                        0x00000000   Number         0  qnan.o ABSOLUTE
    ../mathlib/sqrt.c                        0x00000000   Number         0  sqrt.o ABSOLUTE
    ../mathlib/sqrt.c                        0x00000000   Number         0  sqrt_x.o ABSOLUTE
    ..\CORE\startup_stm32f40_41xxx.s         0x00000000   Number         0  startup_stm32f40_41xxx.o ABSOLUTE
    ..\FWLIB\src\misc.c                      0x00000000   Number         0  misc.o ABSOLUTE
    ..\FWLIB\src\stm32f4xx_dbgmcu.c          0x00000000   Number         0  stm32f4xx_dbgmcu.o ABSOLUTE
    ..\FWLIB\src\stm32f4xx_dma.c             0x00000000   Number         0  stm32f4xx_dma.o ABSOLUTE
    ..\FWLIB\src\stm32f4xx_dma2d.c           0x00000000   Number         0  stm32f4xx_dma2d.o ABSOLUTE
    ..\FWLIB\src\stm32f4xx_exti.c            0x00000000   Number         0  stm32f4xx_exti.o ABSOLUTE
    ..\FWLIB\src\stm32f4xx_flash.c           0x00000000   Number         0  stm32f4xx_flash.o ABSOLUTE
    ..\FWLIB\src\stm32f4xx_flash_ramfunc.c   0x00000000   Number         0  stm32f4xx_flash_ramfunc.o ABSOLUTE
    ..\FWLIB\src\stm32f4xx_fsmc.c            0x00000000   Number         0  stm32f4xx_fsmc.o ABSOLUTE
    ..\FWLIB\src\stm32f4xx_gpio.c            0x00000000   Number         0  stm32f4xx_gpio.o ABSOLUTE
    ..\FWLIB\src\stm32f4xx_i2c.c             0x00000000   Number         0  stm32f4xx_i2c.o ABSOLUTE
    ..\FWLIB\src\stm32f4xx_rcc.c             0x00000000   Number         0  stm32f4xx_rcc.o ABSOLUTE
    ..\FWLIB\src\stm32f4xx_rng.c             0x00000000   Number         0  stm32f4xx_rng.o ABSOLUTE
    ..\FWLIB\src\stm32f4xx_rtc.c             0x00000000   Number         0  stm32f4xx_rtc.o ABSOLUTE
    ..\FWLIB\src\stm32f4xx_sdio.c            0x00000000   Number         0  stm32f4xx_sdio.o ABSOLUTE
    ..\FWLIB\src\stm32f4xx_syscfg.c          0x00000000   Number         0  stm32f4xx_syscfg.o ABSOLUTE
    ..\FWLIB\src\stm32f4xx_tim.c             0x00000000   Number         0  stm32f4xx_tim.o ABSOLUTE
    ..\FWLIB\src\stm32f4xx_usart.c           0x00000000   Number         0  stm32f4xx_usart.o ABSOLUTE
    ..\HardWareDriver\Copter\copter_config.c 0x00000000   Number         0  copter_config.o ABSOLUTE
    ..\HardWareDriver\MS5611\ms5611.c        0x00000000   Number         0  ms5611.o ABSOLUTE
    ..\HardWareDriver\Service\IOI2C.c        0x00000000   Number         0  ioi2c.o ABSOLUTE
    ..\SYSTEM\delay\delay.c                  0x00000000   Number         0  delay.o ABSOLUTE
    ..\SYSTEM\sys\sys.c                      0x00000000   Number         0  sys.o ABSOLUTE
    ..\\FWLIB\\src\\misc.c                   0x00000000   Number         0  misc.o ABSOLUTE
    ..\\FWLIB\\src\\stm32f4xx_dbgmcu.c       0x00000000   Number         0  stm32f4xx_dbgmcu.o ABSOLUTE
    ..\\FWLIB\\src\\stm32f4xx_dma.c          0x00000000   Number         0  stm32f4xx_dma.o ABSOLUTE
    ..\\FWLIB\\src\\stm32f4xx_dma2d.c        0x00000000   Number         0  stm32f4xx_dma2d.o ABSOLUTE
    ..\\FWLIB\\src\\stm32f4xx_exti.c         0x00000000   Number         0  stm32f4xx_exti.o ABSOLUTE
    ..\\FWLIB\\src\\stm32f4xx_flash.c        0x00000000   Number         0  stm32f4xx_flash.o ABSOLUTE
    ..\\FWLIB\\src\\stm32f4xx_flash_ramfunc.c 0x00000000   Number         0  stm32f4xx_flash_ramfunc.o ABSOLUTE
    ..\\FWLIB\\src\\stm32f4xx_fsmc.c         0x00000000   Number         0  stm32f4xx_fsmc.o ABSOLUTE
    ..\\FWLIB\\src\\stm32f4xx_gpio.c         0x00000000   Number         0  stm32f4xx_gpio.o ABSOLUTE
    ..\\FWLIB\\src\\stm32f4xx_i2c.c          0x00000000   Number         0  stm32f4xx_i2c.o ABSOLUTE
    ..\\FWLIB\\src\\stm32f4xx_rcc.c          0x00000000   Number         0  stm32f4xx_rcc.o ABSOLUTE
    ..\\FWLIB\\src\\stm32f4xx_rng.c          0x00000000   Number         0  stm32f4xx_rng.o ABSOLUTE
    ..\\FWLIB\\src\\stm32f4xx_rtc.c          0x00000000   Number         0  stm32f4xx_rtc.o ABSOLUTE
    ..\\FWLIB\\src\\stm32f4xx_sdio.c         0x00000000   Number         0  stm32f4xx_sdio.o ABSOLUTE
    ..\\FWLIB\\src\\stm32f4xx_syscfg.c       0x00000000   Number         0  stm32f4xx_syscfg.o ABSOLUTE
    ..\\FWLIB\\src\\stm32f4xx_tim.c          0x00000000   Number         0  stm32f4xx_tim.o ABSOLUTE
    ..\\FWLIB\\src\\stm32f4xx_usart.c        0x00000000   Number         0  stm32f4xx_usart.o ABSOLUTE
    ..\\HardWareDriver\\Copter\\copter_config.c 0x00000000   Number         0  copter_config.o ABSOLUTE
    ..\\HardWareDriver\\MS5611\\ms5611.c     0x00000000   Number         0  ms5611.o ABSOLUTE
    ..\\HardWareDriver\\Service\\IOI2C.c     0x00000000   Number         0  ioi2c.o ABSOLUTE
    ..\\SYSTEM\\delay\\delay.c               0x00000000   Number         0  delay.o ABSOLUTE
    ..\\SYSTEM\\sys\\sys.c                   0x00000000   Number         0  sys.o ABSOLUTE
    cdcmple.s                                0x00000000   Number         0  cdcmple.o ABSOLUTE
    cdrcmple.s                               0x00000000   Number         0  cdrcmple.o ABSOLUTE
    dc.s                                     0x00000000   Number         0  dc.o ABSOLUTE
    handlers.s                               0x00000000   Number         0  handlers.o ABSOLUTE
    init.s                                   0x00000000   Number         0  init.o ABSOLUTE
    main.c                                   0x00000000   Number         0  main.o ABSOLUTE
    main.c                                   0x00000000   Number         0  main.o ABSOLUTE
    stm32f4xx_it.c                           0x00000000   Number         0  stm32f4xx_it.o ABSOLUTE
    stm32f4xx_it.c                           0x00000000   Number         0  stm32f4xx_it.o ABSOLUTE
    system_stm32f4xx.c                       0x00000000   Number         0  system_stm32f4xx.o ABSOLUTE
    system_stm32f4xx.c                       0x00000000   Number         0  system_stm32f4xx.o ABSOLUTE
    RESET                                    0x08000000   Section      392  startup_stm32f40_41xxx.o(RESET)
    .ARM.Collect$$$$00000000                 0x08000188   Section        0  entry.o(.ARM.Collect$$$$00000000)
    .ARM.Collect$$$$00000001                 0x08000188   Section        4  entry2.o(.ARM.Collect$$$$00000001)
    .ARM.Collect$$$$00000004                 0x0800018c   Section        4  entry5.o(.ARM.Collect$$$$00000004)
    .ARM.Collect$$$$00000008                 0x08000190   Section        0  entry7b.o(.ARM.Collect$$$$00000008)
    .ARM.Collect$$$$0000000A                 0x08000190   Section        0  entry8b.o(.ARM.Collect$$$$0000000A)
    .ARM.Collect$$$$0000000B                 0x08000190   Section        8  entry9a.o(.ARM.Collect$$$$0000000B)
    .ARM.Collect$$$$0000000D                 0x08000198   Section        0  entry10a.o(.ARM.Collect$$$$0000000D)
    .ARM.Collect$$$$0000000F                 0x08000198   Section        0  entry11a.o(.ARM.Collect$$$$0000000F)
    .ARM.Collect$$$$00002712                 0x08000198   Section        4  entry2.o(.ARM.Collect$$$$00002712)
    __lit__00000000                          0x08000198   Data           4  entry2.o(.ARM.Collect$$$$00002712)
    .text                                    0x0800019c   Section        0  main.o(.text)
    .text                                    0x08000338   Section        0  stm32f4xx_it.o(.text)
    .text                                    0x0800034c   Section        0  system_stm32f4xx.o(.text)
    SetSysClock                              0x0800034d   Thumb Code   162  system_stm32f4xx.o(.text)
    .text                                    0x080004c8   Section        0  copter_config.o(.text)
    .text                                    0x080004fc   Section       36  startup_stm32f40_41xxx.o(.text)
    $v0                                      0x080004fc   Number         0  startup_stm32f40_41xxx.o(.text)
    .text                                    0x08000520   Section        0  misc.o(.text)
    .text                                    0x080005d0   Section        0  stm32f4xx_gpio.o(.text)
    .text                                    0x080007dc   Section        0  stm32f4xx_rcc.o(.text)
    .text                                    0x08000c5c   Section        0  delay.o(.text)
    .text                                    0x08000d14   Section        0  ioi2c.o(.text)
    .text                                    0x080010b4   Section        0  ms5611.o(.text)
    .text                                    0x08001522   Section        0  ldiv.o(.text)
    .text                                    0x08001584   Section        0  dadd.o(.text)
    .text                                    0x080016d2   Section        0  dmul.o(.text)
    .text                                    0x080017b6   Section        0  ddiv.o(.text)
    .text                                    0x08001894   Section        0  dflti.o(.text)
    .text                                    0x080018b6   Section        0  dfltui.o(.text)
    .text                                    0x080018d0   Section        0  dfixi.o(.text)
    .text                                    0x08001910   Section       48  cdrcmple.o(.text)
    .text                                    0x08001940   Section        0  d2f.o(.text)
    .text                                    0x08001978   Section        0  uldiv.o(.text)
    .text                                    0x080019da   Section        0  llshl.o(.text)
    .text                                    0x080019f8   Section        0  llushr.o(.text)
    .text                                    0x08001a18   Section        0  llsshr.o(.text)
    .text                                    0x08001a3c   Section        0  iusefp.o(.text)
    .text                                    0x08001a3c   Section        0  fepilogue.o(.text)
    .text                                    0x08001aaa   Section        0  depilogue.o(.text)
    .text                                    0x08001b64   Section        0  dscalb.o(.text)
    .text                                    0x08001b94   Section       36  init.o(.text)
    .text                                    0x08001bb8   Section        0  dsqrt.o(.text)
    i.__ARM_fpclassify                       0x08001c5a   Section        0  fpclassify.o(i.__ARM_fpclassify)
    i.__hardfp_pow                           0x08001c90   Section        0  pow.o(i.__hardfp_pow)
    i.__kernel_poly                          0x080028e0   Section        0  poly.o(i.__kernel_poly)
    i.__mathlib_dbl_divzero                  0x080029d8   Section        0  dunder.o(i.__mathlib_dbl_divzero)
    i.__mathlib_dbl_infnan2                  0x08002a08   Section        0  dunder.o(i.__mathlib_dbl_infnan2)
    i.__mathlib_dbl_invalid                  0x08002a20   Section        0  dunder.o(i.__mathlib_dbl_invalid)
    i.__mathlib_dbl_overflow                 0x08002a40   Section        0  dunder.o(i.__mathlib_dbl_overflow)
    i.__mathlib_dbl_underflow                0x08002a60   Section        0  dunder.o(i.__mathlib_dbl_underflow)
    i.__scatterload_copy                     0x08002a80   Section       14  handlers.o(i.__scatterload_copy)
    i.__scatterload_null                     0x08002a8e   Section        2  handlers.o(i.__scatterload_null)
    i.__scatterload_zeroinit                 0x08002a90   Section       14  handlers.o(i.__scatterload_zeroinit)
    i.__set_errno                            0x08002aa0   Section        0  errno.o(i.__set_errno)
    i.fabs                                   0x08002aac   Section        0  fabs.o(i.fabs)
    i.sqrt                                   0x08002ac4   Section        0  sqrt.o(i.sqrt)
    .constdata                               0x08002b38   Section      136  pow.o(.constdata)
    bp                                       0x08002b38   Data          16  pow.o(.constdata)
    dp_h                                     0x08002b48   Data          16  pow.o(.constdata)
    dp_l                                     0x08002b58   Data          16  pow.o(.constdata)
    L                                        0x08002b68   Data          48  pow.o(.constdata)
    P                                        0x08002b98   Data          40  pow.o(.constdata)
    .constdata                               0x08002bc0   Section        8  qnan.o(.constdata)
    .data                                    0x20000000   Section       48  main.o(.data)
    .data                                    0x20000030   Section       20  system_stm32f4xx.o(.data)
    .data                                    0x20000044   Section        8  copter_config.o(.data)
    .data                                    0x2000004c   Section       16  stm32f4xx_rcc.o(.data)
    APBAHBPrescTable                         0x2000004c   Data          16  stm32f4xx_rcc.o(.data)
    .data                                    0x2000005c   Section        4  delay.o(.data)
    fac_us                                   0x2000005c   Data           1  delay.o(.data)
    fac_ms                                   0x2000005e   Data           2  delay.o(.data)
    .data                                    0x20000060   Section        2  ioi2c.o(.data)
    .data                                    0x20000068   Section       48  ms5611.o(.data)
    .data                                    0x20000098   Section        4  errno.o(.data)
    _errno                                   0x20000098   Data           4  errno.o(.data)
    .bss                                     0x2000009c   Section       12  ms5611.o(.bss)
    STACK                                    0x200000a8   Section     1024  startup_stm32f40_41xxx.o(STACK)

    Global Symbols

    Symbol Name                              Value     Ov Type        Size  Object(Section)

    BuildAttributes$$THM_ISAv4$E$P$D$K$B$S$7EM$VFPi3$EXTD16$VFPS$VFMA$PE$A:L22UL41UL21$X:L11$S22US41US21$IEEE1$IW$USESV6$~STKCKD$USESV7$~SHL$OTIME$ROPI$IEEEX$EBA8$MICROLIB$REQ8$PRES8$EABIv2 0x00000000   Number         0  anon$$obj.o ABSOLUTE
    __ARM_use_no_argv                        0x00000000   Number         0  main.o ABSOLUTE
    __cpp_initialize__aeabi_                  - Undefined Weak Reference
    __cxa_finalize                            - Undefined Weak Reference
    __decompress                              - Undefined Weak Reference
    _clock_init                               - Undefined Weak Reference
    _microlib_exit                            - Undefined Weak Reference
    __Vectors_Size                           0x00000188   Number         0  startup_stm32f40_41xxx.o ABSOLUTE
    __Vectors                                0x08000000   Data           4  startup_stm32f40_41xxx.o(RESET)
    __Vectors_End                            0x08000188   Data           0  startup_stm32f40_41xxx.o(RESET)
    __main                                   0x08000189   Thumb Code     0  entry.o(.ARM.Collect$$$$00000000)
    _main_stk                                0x08000189   Thumb Code     0  entry2.o(.ARM.Collect$$$$00000001)
    _main_scatterload                        0x0800018d   Thumb Code     0  entry5.o(.ARM.Collect$$$$00000004)
    __main_after_scatterload                 0x08000191   Thumb Code     0  entry5.o(.ARM.Collect$$$$00000004)
    _main_clock                              0x08000191   Thumb Code     0  entry7b.o(.ARM.Collect$$$$00000008)
    _main_cpp_init                           0x08000191   Thumb Code     0  entry8b.o(.ARM.Collect$$$$0000000A)
    _main_init                               0x08000191   Thumb Code     0  entry9a.o(.ARM.Collect$$$$0000000B)
    __rt_final_cpp                           0x08000199   Thumb Code     0  entry10a.o(.ARM.Collect$$$$0000000D)
    __rt_final_exit                          0x08000199   Thumb Code     0  entry11a.o(.ARM.Collect$$$$0000000F)
    Initial_System_Timer                     0x0800019d   Thumb Code    60  main.o(.text)
    LPF                                      0x080001d9   Thumb Code    46  main.o(.text)
    get_Baro                                 0x08000207   Thumb Code    92  main.o(.text)
    main                                     0x08000263   Thumb Code   178  main.o(.text)
    NMI_Handler                              0x08000339   Thumb Code     2  stm32f4xx_it.o(.text)
    HardFault_Handler                        0x0800033b   Thumb Code     2  stm32f4xx_it.o(.text)
    MemManage_Handler                        0x0800033d   Thumb Code     2  stm32f4xx_it.o(.text)
    BusFault_Handler                         0x0800033f   Thumb Code     2  stm32f4xx_it.o(.text)
    UsageFault_Handler                       0x08000341   Thumb Code     2  stm32f4xx_it.o(.text)
    SVC_Handler                              0x08000343   Thumb Code     2  stm32f4xx_it.o(.text)
    DebugMon_Handler                         0x08000345   Thumb Code     2  stm32f4xx_it.o(.text)
    PendSV_Handler                           0x08000347   Thumb Code     2  stm32f4xx_it.o(.text)
    SysTick_Handler                          0x08000349   Thumb Code     2  stm32f4xx_it.o(.text)
    SystemInit                               0x080003ef   Thumb Code    74  system_stm32f4xx.o(.text)
    SystemCoreClockUpdate                    0x08000439   Thumb Code   108  system_stm32f4xx.o(.text)
    board_leds_config                        0x080004c9   Thumb Code    44  copter_config.o(.text)
    Reset_Handler                            0x080004fd   Thumb Code     8  startup_stm32f40_41xxx.o(.text)
    ADC_IRQHandler                           0x08000517   Thumb Code     0  startup_stm32f40_41xxx.o(.text)
    CAN1_RX0_IRQHandler                      0x08000517   Thumb Code     0  startup_stm32f40_41xxx.o(.text)
    CAN1_RX1_IRQHandler                      0x08000517   Thumb Code     0  startup_stm32f40_41xxx.o(.text)
    CAN1_SCE_IRQHandler                      0x08000517   Thumb Code     0  startup_stm32f40_41xxx.o(.text)
    CAN1_TX_IRQHandler                       0x08000517   Thumb Code     0  startup_stm32f40_41xxx.o(.text)
    CAN2_RX0_IRQHandler                      0x08000517   Thumb Code     0  startup_stm32f40_41xxx.o(.text)
    CAN2_RX1_IRQHandler                      0x08000517   Thumb Code     0  startup_stm32f40_41xxx.o(.text)
    CAN2_SCE_IRQHandler                      0x08000517   Thumb Code     0  startup_stm32f40_41xxx.o(.text)
    CAN2_TX_IRQHandler                       0x08000517   Thumb Code     0  startup_stm32f40_41xxx.o(.text)
    CRYP_IRQHandler                          0x08000517   Thumb Code     0  startup_stm32f40_41xxx.o(.text)
    DCMI_IRQHandler                          0x08000517   Thumb Code     0  startup_stm32f40_41xxx.o(.text)
    DMA1_Stream0_IRQHandler                  0x08000517   Thumb Code     0  startup_stm32f40_41xxx.o(.text)
    DMA1_Stream1_IRQHandler                  0x08000517   Thumb Code     0  startup_stm32f40_41xxx.o(.text)
    DMA1_Stream2_IRQHandler                  0x08000517   Thumb Code     0  startup_stm32f40_41xxx.o(.text)
    DMA1_Stream3_IRQHandler                  0x08000517   Thumb Code     0  startup_stm32f40_41xxx.o(.text)
    DMA1_Stream4_IRQHandler                  0x08000517   Thumb Code     0  startup_stm32f40_41xxx.o(.text)
    DMA1_Stream5_IRQHandler                  0x08000517   Thumb Code     0  startup_stm32f40_41xxx.o(.text)
    DMA1_Stream6_IRQHandler                  0x08000517   Thumb Code     0  startup_stm32f40_41xxx.o(.text)
    DMA1_Stream7_IRQHandler                  0x08000517   Thumb Code     0  startup_stm32f40_41xxx.o(.text)
    DMA2_Stream0_IRQHandler                  0x08000517   Thumb Code     0  startup_stm32f40_41xxx.o(.text)
    DMA2_Stream1_IRQHandler                  0x08000517   Thumb Code     0  startup_stm32f40_41xxx.o(.text)
    DMA2_Stream2_IRQHandler                  0x08000517   Thumb Code     0  startup_stm32f40_41xxx.o(.text)
    DMA2_Stream3_IRQHandler                  0x08000517   Thumb Code     0  startup_stm32f40_41xxx.o(.text)
    DMA2_Stream4_IRQHandler                  0x08000517   Thumb Code     0  startup_stm32f40_41xxx.o(.text)
    DMA2_Stream5_IRQHandler                  0x08000517   Thumb Code     0  startup_stm32f40_41xxx.o(.text)
    DMA2_Stream6_IRQHandler                  0x08000517   Thumb Code     0  startup_stm32f40_41xxx.o(.text)
    DMA2_Stream7_IRQHandler                  0x08000517   Thumb Code     0  startup_stm32f40_41xxx.o(.text)
    ETH_IRQHandler                           0x08000517   Thumb Code     0  startup_stm32f40_41xxx.o(.text)
    ETH_WKUP_IRQHandler                      0x08000517   Thumb Code     0  startup_stm32f40_41xxx.o(.text)
    EXTI0_IRQHandler                         0x08000517   Thumb Code     0  startup_stm32f40_41xxx.o(.text)
    EXTI15_10_IRQHandler                     0x08000517   Thumb Code     0  startup_stm32f40_41xxx.o(.text)
    EXTI1_IRQHandler                         0x08000517   Thumb Code     0  startup_stm32f40_41xxx.o(.text)
    EXTI2_IRQHandler                         0x08000517   Thumb Code     0  startup_stm32f40_41xxx.o(.text)
    EXTI3_IRQHandler                         0x08000517   Thumb Code     0  startup_stm32f40_41xxx.o(.text)
    EXTI4_IRQHandler                         0x08000517   Thumb Code     0  startup_stm32f40_41xxx.o(.text)
    EXTI9_5_IRQHandler                       0x08000517   Thumb Code     0  startup_stm32f40_41xxx.o(.text)
    FLASH_IRQHandler                         0x08000517   Thumb Code     0  startup_stm32f40_41xxx.o(.text)
    FPU_IRQHandler                           0x08000517   Thumb Code     0  startup_stm32f40_41xxx.o(.text)
    FSMC_IRQHandler                          0x08000517   Thumb Code     0  startup_stm32f40_41xxx.o(.text)
    HASH_RNG_IRQHandler                      0x08000517   Thumb Code     0  startup_stm32f40_41xxx.o(.text)
    I2C1_ER_IRQHandler                       0x08000517   Thumb Code     0  startup_stm32f40_41xxx.o(.text)
    I2C1_EV_IRQHandler                       0x08000517   Thumb Code     0  startup_stm32f40_41xxx.o(.text)
    I2C2_ER_IRQHandler                       0x08000517   Thumb Code     0  startup_stm32f40_41xxx.o(.text)
    I2C2_EV_IRQHandler                       0x08000517   Thumb Code     0  startup_stm32f40_41xxx.o(.text)
    I2C3_ER_IRQHandler                       0x08000517   Thumb Code     0  startup_stm32f40_41xxx.o(.text)
    I2C3_EV_IRQHandler                       0x08000517   Thumb Code     0  startup_stm32f40_41xxx.o(.text)
    OTG_FS_IRQHandler                        0x08000517   Thumb Code     0  startup_stm32f40_41xxx.o(.text)
    OTG_FS_WKUP_IRQHandler                   0x08000517   Thumb Code     0  startup_stm32f40_41xxx.o(.text)
    OTG_HS_EP1_IN_IRQHandler                 0x08000517   Thumb Code     0  startup_stm32f40_41xxx.o(.text)
    OTG_HS_EP1_OUT_IRQHandler                0x08000517   Thumb Code     0  startup_stm32f40_41xxx.o(.text)
    OTG_HS_IRQHandler                        0x08000517   Thumb Code     0  startup_stm32f40_41xxx.o(.text)
    OTG_HS_WKUP_IRQHandler                   0x08000517   Thumb Code     0  startup_stm32f40_41xxx.o(.text)
    PVD_IRQHandler                           0x08000517   Thumb Code     0  startup_stm32f40_41xxx.o(.text)
    RCC_IRQHandler                           0x08000517   Thumb Code     0  startup_stm32f40_41xxx.o(.text)
    RTC_Alarm_IRQHandler                     0x08000517   Thumb Code     0  startup_stm32f40_41xxx.o(.text)
    RTC_WKUP_IRQHandler                      0x08000517   Thumb Code     0  startup_stm32f40_41xxx.o(.text)
    SDIO_IRQHandler                          0x08000517   Thumb Code     0  startup_stm32f40_41xxx.o(.text)
    SPI1_IRQHandler                          0x08000517   Thumb Code     0  startup_stm32f40_41xxx.o(.text)
    SPI2_IRQHandler                          0x08000517   Thumb Code     0  startup_stm32f40_41xxx.o(.text)
    SPI3_IRQHandler                          0x08000517   Thumb Code     0  startup_stm32f40_41xxx.o(.text)
    TAMP_STAMP_IRQHandler                    0x08000517   Thumb Code     0  startup_stm32f40_41xxx.o(.text)
    TIM1_BRK_TIM9_IRQHandler                 0x08000517   Thumb Code     0  startup_stm32f40_41xxx.o(.text)
    TIM1_CC_IRQHandler                       0x08000517   Thumb Code     0  startup_stm32f40_41xxx.o(.text)
    TIM1_TRG_COM_TIM11_IRQHandler            0x08000517   Thumb Code     0  startup_stm32f40_41xxx.o(.text)
    TIM1_UP_TIM10_IRQHandler                 0x08000517   Thumb Code     0  startup_stm32f40_41xxx.o(.text)
    TIM2_IRQHandler                          0x08000517   Thumb Code     0  startup_stm32f40_41xxx.o(.text)
    TIM3_IRQHandler                          0x08000517   Thumb Code     0  startup_stm32f40_41xxx.o(.text)
    TIM4_IRQHandler                          0x08000517   Thumb Code     0  startup_stm32f40_41xxx.o(.text)
    TIM5_IRQHandler                          0x08000517   Thumb Code     0  startup_stm32f40_41xxx.o(.text)
    TIM6_DAC_IRQHandler                      0x08000517   Thumb Code     0  startup_stm32f40_41xxx.o(.text)
    TIM7_IRQHandler                          0x08000517   Thumb Code     0  startup_stm32f40_41xxx.o(.text)
    TIM8_BRK_TIM12_IRQHandler                0x08000517   Thumb Code     0  startup_stm32f40_41xxx.o(.text)
    TIM8_CC_IRQHandler                       0x08000517   Thumb Code     0  startup_stm32f40_41xxx.o(.text)
    TIM8_TRG_COM_TIM14_IRQHandler            0x08000517   Thumb Code     0  startup_stm32f40_41xxx.o(.text)
    TIM8_UP_TIM13_IRQHandler                 0x08000517   Thumb Code     0  startup_stm32f40_41xxx.o(.text)
    UART4_IRQHandler                         0x08000517   Thumb Code     0  startup_stm32f40_41xxx.o(.text)
    UART5_IRQHandler                         0x08000517   Thumb Code     0  startup_stm32f40_41xxx.o(.text)
    USART1_IRQHandler                        0x08000517   Thumb Code     0  startup_stm32f40_41xxx.o(.text)
    USART2_IRQHandler                        0x08000517   Thumb Code     0  startup_stm32f40_41xxx.o(.text)
    USART3_IRQHandler                        0x08000517   Thumb Code     0  startup_stm32f40_41xxx.o(.text)
    USART6_IRQHandler                        0x08000517   Thumb Code     0  startup_stm32f40_41xxx.o(.text)
    WWDG_IRQHandler                          0x08000517   Thumb Code     0  startup_stm32f40_41xxx.o(.text)
    NVIC_PriorityGroupConfig                 0x08000521   Thumb Code    10  misc.o(.text)
    NVIC_Init                                0x0800052b   Thumb Code    96  misc.o(.text)
    NVIC_SetVectorTable                      0x0800058b   Thumb Code    14  misc.o(.text)
    NVIC_SystemLPConfig                      0x08000599   Thumb Code    20  misc.o(.text)
    SysTick_CLKSourceConfig                  0x080005ad   Thumb Code    24  misc.o(.text)
    GPIO_DeInit                              0x080005d1   Thumb Code   216  stm32f4xx_gpio.o(.text)
    GPIO_Init                                0x080006a9   Thumb Code   120  stm32f4xx_gpio.o(.text)
    GPIO_StructInit                          0x08000721   Thumb Code    18  stm32f4xx_gpio.o(.text)
    GPIO_PinLockConfig                       0x08000733   Thumb Code    24  stm32f4xx_gpio.o(.text)
    GPIO_ReadInputDataBit                    0x0800074b   Thumb Code    14  stm32f4xx_gpio.o(.text)
    GPIO_ReadInputData                       0x08000759   Thumb Code     6  stm32f4xx_gpio.o(.text)
    GPIO_ReadOutputDataBit                   0x0800075f   Thumb Code    14  stm32f4xx_gpio.o(.text)
    GPIO_ReadOutputData                      0x0800076d   Thumb Code     6  stm32f4xx_gpio.o(.text)
    GPIO_SetBits                             0x08000773   Thumb Code     4  stm32f4xx_gpio.o(.text)
    GPIO_ResetBits                           0x08000777   Thumb Code     4  stm32f4xx_gpio.o(.text)
    GPIO_WriteBit                            0x0800077b   Thumb Code    10  stm32f4xx_gpio.o(.text)
    GPIO_Write                               0x08000785   Thumb Code     4  stm32f4xx_gpio.o(.text)
    GPIO_ToggleBits                          0x08000789   Thumb Code     8  stm32f4xx_gpio.o(.text)
    GPIO_PinAFConfig                         0x08000791   Thumb Code    32  stm32f4xx_gpio.o(.text)
    RCC_DeInit                               0x080007dd   Thumb Code    68  stm32f4xx_rcc.o(.text)
    RCC_HSEConfig                            0x08000821   Thumb Code    12  stm32f4xx_rcc.o(.text)
    RCC_GetFlagStatus                        0x0800082d   Thumb Code    46  stm32f4xx_rcc.o(.text)
    RCC_WaitForHSEStartUp                    0x0800085b   Thumb Code    44  stm32f4xx_rcc.o(.text)
    RCC_AdjustHSICalibrationValue            0x08000887   Thumb Code    16  stm32f4xx_rcc.o(.text)
    RCC_HSICmd                               0x08000897   Thumb Code     6  stm32f4xx_rcc.o(.text)
    RCC_LSEConfig                            0x0800089d   Thumb Code    24  stm32f4xx_rcc.o(.text)
    RCC_LSICmd                               0x080008b5   Thumb Code     6  stm32f4xx_rcc.o(.text)
    RCC_PLLConfig                            0x080008bb   Thumb Code    32  stm32f4xx_rcc.o(.text)
    RCC_PLLCmd                               0x080008db   Thumb Code     6  stm32f4xx_rcc.o(.text)
    RCC_PLLI2SConfig                         0x080008e1   Thumb Code    14  stm32f4xx_rcc.o(.text)
    RCC_PLLI2SCmd                            0x080008ef   Thumb Code     6  stm32f4xx_rcc.o(.text)
    RCC_PLLSAIConfig                         0x080008f5   Thumb Code    18  stm32f4xx_rcc.o(.text)
    RCC_PLLSAICmd                            0x08000907   Thumb Code     6  stm32f4xx_rcc.o(.text)
    RCC_ClockSecuritySystemCmd               0x0800090d   Thumb Code     6  stm32f4xx_rcc.o(.text)
    RCC_MCO1Config                           0x08000913   Thumb Code    18  stm32f4xx_rcc.o(.text)
    RCC_MCO2Config                           0x08000925   Thumb Code    18  stm32f4xx_rcc.o(.text)
    RCC_SYSCLKConfig                         0x08000937   Thumb Code    16  stm32f4xx_rcc.o(.text)
    RCC_GetSYSCLKSource                      0x08000947   Thumb Code    12  stm32f4xx_rcc.o(.text)
    RCC_HCLKConfig                           0x08000953   Thumb Code    16  stm32f4xx_rcc.o(.text)
    RCC_PCLK1Config                          0x08000963   Thumb Code    16  stm32f4xx_rcc.o(.text)
    RCC_PCLK2Config                          0x08000973   Thumb Code    18  stm32f4xx_rcc.o(.text)
    RCC_GetClocksFreq                        0x08000985   Thumb Code   134  stm32f4xx_rcc.o(.text)
    RCC_RTCCLKConfig                         0x08000a0b   Thumb Code    42  stm32f4xx_rcc.o(.text)
    RCC_RTCCLKCmd                            0x08000a35   Thumb Code     8  stm32f4xx_rcc.o(.text)
    RCC_BackupResetCmd                       0x08000a3d   Thumb Code     8  stm32f4xx_rcc.o(.text)
    RCC_I2SCLKConfig                         0x08000a45   Thumb Code     8  stm32f4xx_rcc.o(.text)
    RCC_SAIPLLI2SClkDivConfig                0x08000a4d   Thumb Code    18  stm32f4xx_rcc.o(.text)
    RCC_SAIPLLSAIClkDivConfig                0x08000a5f   Thumb Code    24  stm32f4xx_rcc.o(.text)
    RCC_SAIBlockACLKConfig                   0x08000a77   Thumb Code    16  stm32f4xx_rcc.o(.text)
    RCC_SAIBlockBCLKConfig                   0x08000a87   Thumb Code    16  stm32f4xx_rcc.o(.text)
    RCC_LTDCCLKDivConfig                     0x08000a97   Thumb Code    16  stm32f4xx_rcc.o(.text)
    RCC_TIMCLKPresConfig                     0x08000aa7   Thumb Code     8  stm32f4xx_rcc.o(.text)
    RCC_AHB1PeriphClockCmd                   0x08000aaf   Thumb Code    20  stm32f4xx_rcc.o(.text)
    RCC_AHB2PeriphClockCmd                   0x08000ac3   Thumb Code    20  stm32f4xx_rcc.o(.text)
    RCC_AHB3PeriphClockCmd                   0x08000ad7   Thumb Code    20  stm32f4xx_rcc.o(.text)
    RCC_APB1PeriphClockCmd                   0x08000aeb   Thumb Code    20  stm32f4xx_rcc.o(.text)
    RCC_APB2PeriphClockCmd                   0x08000aff   Thumb Code    20  stm32f4xx_rcc.o(.text)
    RCC_AHB1PeriphResetCmd                   0x08000b13   Thumb Code    20  stm32f4xx_rcc.o(.text)
    RCC_AHB2PeriphResetCmd                   0x08000b27   Thumb Code    20  stm32f4xx_rcc.o(.text)
    RCC_AHB3PeriphResetCmd                   0x08000b3b   Thumb Code    20  stm32f4xx_rcc.o(.text)
    RCC_APB1PeriphResetCmd                   0x08000b4f   Thumb Code    20  stm32f4xx_rcc.o(.text)
    RCC_APB2PeriphResetCmd                   0x08000b63   Thumb Code    20  stm32f4xx_rcc.o(.text)
    RCC_AHB1PeriphClockLPModeCmd             0x08000b77   Thumb Code    20  stm32f4xx_rcc.o(.text)
    RCC_AHB2PeriphClockLPModeCmd             0x08000b8b   Thumb Code    20  stm32f4xx_rcc.o(.text)
    RCC_AHB3PeriphClockLPModeCmd             0x08000b9f   Thumb Code    20  stm32f4xx_rcc.o(.text)
    RCC_APB1PeriphClockLPModeCmd             0x08000bb3   Thumb Code    64  stm32f4xx_rcc.o(.text)
    RCC_APB2PeriphClockLPModeCmd             0x08000bf3   Thumb Code    18  stm32f4xx_rcc.o(.text)
    RCC_LSEModeConfig                        0x08000c05   Thumb Code    24  stm32f4xx_rcc.o(.text)
    RCC_ITConfig                             0x08000c1d   Thumb Code    20  stm32f4xx_rcc.o(.text)
    RCC_ClearFlag                            0x08000c31   Thumb Code    14  stm32f4xx_rcc.o(.text)
    RCC_GetITStatus                          0x08000c3f   Thumb Code    18  stm32f4xx_rcc.o(.text)
    RCC_ClearITPendingBit                    0x08000c51   Thumb Code     8  stm32f4xx_rcc.o(.text)
    delay_init                               0x08000c5d   Thumb Code    38  delay.o(.text)
    delay_us                                 0x08000c83   Thumb Code    46  delay.o(.text)
    delay_xms                                0x08000cb1   Thumb Code    46  delay.o(.text)
    delay_ms                                 0x08000cdf   Thumb Code    50  delay.o(.text)
    IIC_Init                                 0x08000d15   Thumb Code    46  ioi2c.o(.text)
    IIC_Start                                0x08000d43   Thumb Code    56  ioi2c.o(.text)
    IIC_Stop                                 0x08000d7b   Thumb Code    58  ioi2c.o(.text)
    IIC_Wait_Ack                             0x08000db5   Thumb Code    82  ioi2c.o(.text)
    IIC_Ack                                  0x08000e07   Thumb Code    54  ioi2c.o(.text)
    IIC_NAck                                 0x08000e3d   Thumb Code    56  ioi2c.o(.text)
    IIC_Send_Byte                            0x08000e75   Thumb Code    86  ioi2c.o(.text)
    IIC_Read_Byte                            0x08000ecb   Thumb Code    96  ioi2c.o(.text)
    I2C_ReadOneByte                          0x08000f2b   Thumb Code    62  ioi2c.o(.text)
    IICreadBytes                             0x08000f69   Thumb Code    90  ioi2c.o(.text)
    IICwriteBytes                            0x08000fc3   Thumb Code    68  ioi2c.o(.text)
    IICreadByte                              0x08001007   Thumb Code    14  ioi2c.o(.text)
    IICwriteByte                             0x08001015   Thumb Code    12  ioi2c.o(.text)
    IICwriteBits                             0x08001021   Thumb Code    84  ioi2c.o(.text)
    IICwriteBit                              0x08001075   Thumb Code    48  ioi2c.o(.text)
    readRegister16                           0x080010b5   Thumb Code    28  ms5611.o(.text)
    readPROM                                 0x080010d1   Thumb Code    32  ms5611.o(.text)
    setOversampling                          0x080010f1   Thumb Code    44  ms5611.o(.text)
    ms5611WriteByte                          0x0800111d   Thumb Code    10  ms5611.o(.text)
    reset                                    0x08001127   Thumb Code     4  ms5611.o(.text)
    begin                                    0x0800112b   Thumb Code    26  ms5611.o(.text)
    getAltitude                              0x08001145   Thumb Code    60  ms5611.o(.text)
    readPressure                             0x08001181   Thumb Code   324  ms5611.o(.text)
    readRegister24                           0x080012c5   Thumb Code    36  ms5611.o(.text)
    readRawPressure                          0x080012e9   Thumb Code     4  ms5611.o(.text)
    readTemperature                          0x080012ed   Thumb Code   106  ms5611.o(.text)
    readRawTemperature                       0x08001357   Thumb Code     4  ms5611.o(.text)
    update_baro                              0x0800135b   Thumb Code   304  ms5611.o(.text)
    getOversampling                          0x0800148b   Thumb Code     6  ms5611.o(.text)
    getSeaLevel                              0x08001491   Thumb Code   146  ms5611.o(.text)
    __aeabi_ldivmod                          0x08001523   Thumb Code    98  ldiv.o(.text)
    __aeabi_dadd                             0x08001585   Thumb Code   322  dadd.o(.text)
    __aeabi_dsub                             0x080016c7   Thumb Code     6  dadd.o(.text)
    __aeabi_drsub                            0x080016cd   Thumb Code     6  dadd.o(.text)
    __aeabi_dmul                             0x080016d3   Thumb Code   228  dmul.o(.text)
    __aeabi_ddiv                             0x080017b7   Thumb Code   222  ddiv.o(.text)
    __aeabi_i2d                              0x08001895   Thumb Code    34  dflti.o(.text)
    __aeabi_ui2d                             0x080018b7   Thumb Code    26  dfltui.o(.text)
    __aeabi_d2iz                             0x080018d1   Thumb Code    62  dfixi.o(.text)
    __aeabi_cdrcmple                         0x08001911   Thumb Code    48  cdrcmple.o(.text)
    __aeabi_d2f                              0x08001941   Thumb Code    56  d2f.o(.text)
    __aeabi_uldivmod                         0x08001979   Thumb Code    98  uldiv.o(.text)
    __aeabi_llsl                             0x080019db   Thumb Code    30  llshl.o(.text)
    _ll_shift_l                              0x080019db   Thumb Code     0  llshl.o(.text)
    __aeabi_llsr                             0x080019f9   Thumb Code    32  llushr.o(.text)
    _ll_ushift_r                             0x080019f9   Thumb Code     0  llushr.o(.text)
    __aeabi_lasr                             0x08001a19   Thumb Code    36  llsshr.o(.text)
    _ll_sshift_r                             0x08001a19   Thumb Code     0  llsshr.o(.text)
    __I$use$fp                               0x08001a3d   Thumb Code     0  iusefp.o(.text)
    _float_round                             0x08001a3d   Thumb Code    18  fepilogue.o(.text)
    _float_epilogue                          0x08001a4f   Thumb Code    92  fepilogue.o(.text)
    _double_round                            0x08001aab   Thumb Code    30  depilogue.o(.text)
    _double_epilogue                         0x08001ac9   Thumb Code   156  depilogue.o(.text)
    __ARM_scalbn                             0x08001b65   Thumb Code    46  dscalb.o(.text)
    scalbn                                   0x08001b65   Thumb Code     0  dscalb.o(.text)
    __scatterload                            0x08001b95   Thumb Code    28  init.o(.text)
    __scatterload_rt2                        0x08001b95   Thumb Code     0  init.o(.text)
    _dsqrt                                   0x08001bb9   Thumb Code   162  dsqrt.o(.text)
    __ARM_fpclassify                         0x08001c5b   Thumb Code    48  fpclassify.o(i.__ARM_fpclassify)
    __hardfp_pow                             0x08001c91   Thumb Code  3072  pow.o(i.__hardfp_pow)
    __kernel_poly                            0x080028e1   Thumb Code   248  poly.o(i.__kernel_poly)
    __mathlib_dbl_divzero                    0x080029d9   Thumb Code    28  dunder.o(i.__mathlib_dbl_divzero)
    __mathlib_dbl_infnan2                    0x08002a09   Thumb Code    20  dunder.o(i.__mathlib_dbl_infnan2)
    __mathlib_dbl_invalid                    0x08002a21   Thumb Code    24  dunder.o(i.__mathlib_dbl_invalid)
    __mathlib_dbl_overflow                   0x08002a41   Thumb Code    24  dunder.o(i.__mathlib_dbl_overflow)
    __mathlib_dbl_underflow                  0x08002a61   Thumb Code    24  dunder.o(i.__mathlib_dbl_underflow)
    __scatterload_copy                       0x08002a81   Thumb Code    14  handlers.o(i.__scatterload_copy)
    __scatterload_null                       0x08002a8f   Thumb Code     2  handlers.o(i.__scatterload_null)
    __scatterload_zeroinit                   0x08002a91   Thumb Code    14  handlers.o(i.__scatterload_zeroinit)
    __set_errno                              0x08002aa1   Thumb Code     6  errno.o(i.__set_errno)
    fabs                                     0x08002aad   Thumb Code    24  fabs.o(i.fabs)
    sqrt                                     0x08002ac5   Thumb Code   110  sqrt.o(i.sqrt)
    __mathlib_zero                           0x08002bc0   Data           8  qnan.o(.constdata)
    Region$$Table$$Base                      0x08002bc8   Number         0  anon$$obj.o(Region$$Table)
    Region$$Table$$Limit                     0x08002be8   Number         0  anon$$obj.o(Region$$Table)
    cut_off                                  0x20000000   Data           4  main.o(.data)
    realPressure                             0x20000004   Data           4  main.o(.data)
    fil_comple_alt                           0x20000008   Data           4  main.o(.data)
    fil_lpf_alt                              0x2000000c   Data           4  main.o(.data)
    EstAlt                                   0x20000010   Data           4  main.o(.data)
    absoluteAltitude                         0x20000014   Data           4  main.o(.data)
    ms5611_temperature                       0x20000018   Data           4  main.o(.data)
    loop_var                                 0x2000001c   Data           4  main.o(.data)
    referencePressure                        0x20000020   Data           8  main.o(.data)
    dt                                       0x20000028   Data           8  main.o(.data)
    SystemCoreClock                          0x20000030   Data           4  system_stm32f4xx.o(.data)
    AHBPrescTable                            0x20000034   Data          16  system_stm32f4xx.o(.data)
    GPIO_InitStruct                          0x20000044   Data           8  copter_config.o(.data)
    I2C_Erorr_Count                          0x20000060   Data           2  ioi2c.o(.data)
    ct                                       0x20000068   Data           1  ms5611.o(.data)
    uosr                                     0x20000069   Data           1  ms5611.o(.data)
    pressureState                            0x2000006c   Data           4  ms5611.o(.data)
    TEMP2                                    0x20000070   Data           4  ms5611.o(.data)
    timer                                    0x20000074   Data           4  ms5611.o(.data)
    timer1                                   0x20000078   Data           4  ms5611.o(.data)
    ut                                       0x2000007c   Data           4  ms5611.o(.data)
    up                                       0x20000080   Data           4  ms5611.o(.data)
    OFF2                                     0x20000088   Data           8  ms5611.o(.data)
    SENS2                                    0x20000090   Data           8  ms5611.o(.data)
    fc                                       0x2000009c   Data          12  ms5611.o(.bss)
    __initial_sp                             0x200004a8   Data           0  startup_stm32f40_41xxx.o(STACK)



==============================================================================

Memory Map of the image

  Image Entry point : 0x08000189

  Load Region LR_IROM1 (Base: 0x08000000, Size: 0x00002c84, Max: 0x00100000, ABSOLUTE)

    Execution Region ER_IROM1 (Exec base: 0x08000000, Load base: 0x08000000, Size: 0x00002be8, Max: 0x00100000, ABSOLUTE)

    Exec Addr    Load Addr    Size         Type   Attr      Idx    E Section Name        Object

    0x08000000   0x08000000   0x00000188   Data   RO          267    RESET               startup_stm32f40_41xxx.o
    0x08000188   0x08000188   0x00000000   Code   RO          735  * .ARM.Collect$$$$00000000  mc_w.l(entry.o)
    0x08000188   0x08000188   0x00000004   Code   RO          793    .ARM.Collect$$$$00000001  mc_w.l(entry2.o)
    0x0800018c   0x0800018c   0x00000004   Code   RO          796    .ARM.Collect$$$$00000004  mc_w.l(entry5.o)
    0x08000190   0x08000190   0x00000000   Code   RO          798    .ARM.Collect$$$$00000008  mc_w.l(entry7b.o)
    0x08000190   0x08000190   0x00000000   Code   RO          800    .ARM.Collect$$$$0000000A  mc_w.l(entry8b.o)
    0x08000190   0x08000190   0x00000008   Code   RO          801    .ARM.Collect$$$$0000000B  mc_w.l(entry9a.o)
    0x08000198   0x08000198   0x00000000   Code   RO          803    .ARM.Collect$$$$0000000D  mc_w.l(entry10a.o)
    0x08000198   0x08000198   0x00000000   Code   RO          805    .ARM.Collect$$$$0000000F  mc_w.l(entry11a.o)
    0x08000198   0x08000198   0x00000004   Code   RO          794    .ARM.Collect$$$$00002712  mc_w.l(entry2.o)
    0x0800019c   0x0800019c   0x0000019c   Code   RO            3    .text               main.o
    0x08000338   0x08000338   0x00000012   Code   RO          162    .text               stm32f4xx_it.o
    0x0800034a   0x0800034a   0x00000002   PAD
    0x0800034c   0x0800034c   0x0000017c   Code   RO          211    .text               system_stm32f4xx.o
    0x080004c8   0x080004c8   0x00000034   Code   RO          237    .text               copter_config.o
    0x080004fc   0x080004fc   0x00000024   Code   RO          268    .text               startup_stm32f40_41xxx.o
    0x08000520   0x08000520   0x000000b0   Code   RO          274    .text               misc.o
    0x080005d0   0x080005d0   0x0000020c   Code   RO          444    .text               stm32f4xx_gpio.o
    0x080007dc   0x080007dc   0x00000480   Code   RO          484    .text               stm32f4xx_rcc.o
    0x08000c5c   0x08000c5c   0x000000b8   Code   RO          628    .text               delay.o
    0x08000d14   0x08000d14   0x000003a0   Code   RO          668    .text               ioi2c.o
    0x080010b4   0x080010b4   0x0000046e   Code   RO          695    .text               ms5611.o
    0x08001522   0x08001522   0x00000062   Code   RO          738    .text               mc_w.l(ldiv.o)
    0x08001584   0x08001584   0x0000014e   Code   RO          740    .text               mf_w.l(dadd.o)
    0x080016d2   0x080016d2   0x000000e4   Code   RO          742    .text               mf_w.l(dmul.o)
    0x080017b6   0x080017b6   0x000000de   Code   RO          744    .text               mf_w.l(ddiv.o)
    0x08001894   0x08001894   0x00000022   Code   RO          746    .text               mf_w.l(dflti.o)
    0x080018b6   0x080018b6   0x0000001a   Code   RO          748    .text               mf_w.l(dfltui.o)
    0x080018d0   0x080018d0   0x0000003e   Code   RO          750    .text               mf_w.l(dfixi.o)
    0x0800190e   0x0800190e   0x00000002   PAD
    0x08001910   0x08001910   0x00000030   Code   RO          752    .text               mf_w.l(cdrcmple.o)
    0x08001940   0x08001940   0x00000038   Code   RO          754    .text               mf_w.l(d2f.o)
    0x08001978   0x08001978   0x00000062   Code   RO          807    .text               mc_w.l(uldiv.o)
    0x080019da   0x080019da   0x0000001e   Code   RO          809    .text               mc_w.l(llshl.o)
    0x080019f8   0x080019f8   0x00000020   Code   RO          811    .text               mc_w.l(llushr.o)
    0x08001a18   0x08001a18   0x00000024   Code   RO          813    .text               mc_w.l(llsshr.o)
    0x08001a3c   0x08001a3c   0x00000000   Code   RO          822    .text               mc_w.l(iusefp.o)
    0x08001a3c   0x08001a3c   0x0000006e   Code   RO          823    .text               mf_w.l(fepilogue.o)
    0x08001aaa   0x08001aaa   0x000000ba   Code   RO          825    .text               mf_w.l(depilogue.o)
    0x08001b64   0x08001b64   0x0000002e   Code   RO          829    .text               mf_w.l(dscalb.o)
    0x08001b92   0x08001b92   0x00000002   PAD
    0x08001b94   0x08001b94   0x00000024   Code   RO          831    .text               mc_w.l(init.o)
    0x08001bb8   0x08001bb8   0x000000a2   Code   RO          833    .text               mf_w.l(dsqrt.o)
    0x08001c5a   0x08001c5a   0x00000030   Code   RO          776    i.__ARM_fpclassify  m_wm.l(fpclassify.o)
    0x08001c8a   0x08001c8a   0x00000006   PAD
    0x08001c90   0x08001c90   0x00000c50   Code   RO          721    i.__hardfp_pow      m_wm.l(pow.o)
    0x080028e0   0x080028e0   0x000000f8   Code   RO          778    i.__kernel_poly     m_wm.l(poly.o)
    0x080029d8   0x080029d8   0x00000030   Code   RO          756    i.__mathlib_dbl_divzero  m_wm.l(dunder.o)
    0x08002a08   0x08002a08   0x00000014   Code   RO          758    i.__mathlib_dbl_infnan2  m_wm.l(dunder.o)
    0x08002a1c   0x08002a1c   0x00000004   PAD
    0x08002a20   0x08002a20   0x00000020   Code   RO          759    i.__mathlib_dbl_invalid  m_wm.l(dunder.o)
    0x08002a40   0x08002a40   0x00000020   Code   RO          760    i.__mathlib_dbl_overflow  m_wm.l(dunder.o)
    0x08002a60   0x08002a60   0x00000020   Code   RO          762    i.__mathlib_dbl_underflow  m_wm.l(dunder.o)
    0x08002a80   0x08002a80   0x0000000e   Code   RO          839    i.__scatterload_copy  mc_w.l(handlers.o)
    0x08002a8e   0x08002a8e   0x00000002   Code   RO          840    i.__scatterload_null  mc_w.l(handlers.o)
    0x08002a90   0x08002a90   0x0000000e   Code   RO          841    i.__scatterload_zeroinit  mc_w.l(handlers.o)
    0x08002a9e   0x08002a9e   0x00000002   PAD
    0x08002aa0   0x08002aa0   0x0000000c   Code   RO          817    i.__set_errno       mc_w.l(errno.o)
    0x08002aac   0x08002aac   0x00000018   Code   RO          772    i.fabs              m_wm.l(fabs.o)
    0x08002ac4   0x08002ac4   0x0000006e   Code   RO          783    i.sqrt              m_wm.l(sqrt.o)
    0x08002b32   0x08002b32   0x00000006   PAD
    0x08002b38   0x08002b38   0x00000088   Data   RO          724    .constdata          m_wm.l(pow.o)
    0x08002bc0   0x08002bc0   0x00000008   Data   RO          780    .constdata          m_wm.l(qnan.o)
    0x08002bc8   0x08002bc8   0x00000020   Data   RO          837    Region$$Table       anon$$obj.o


    Execution Region RW_IRAM1 (Exec base: 0x20000000, Load base: 0x08002be8, Size: 0x000004a8, Max: 0x00020000, ABSOLUTE)

    Exec Addr    Load Addr    Size         Type   Attr      Idx    E Section Name        Object

    0x20000000   0x08002be8   0x00000030   Data   RW            4    .data               main.o
    0x20000030   0x08002c18   0x00000014   Data   RW          212    .data               system_stm32f4xx.o
    0x20000044   0x08002c2c   0x00000008   Data   RW          243    .data               copter_config.o
    0x2000004c   0x08002c34   0x00000010   Data   RW          485    .data               stm32f4xx_rcc.o
    0x2000005c   0x08002c44   0x00000004   Data   RW          629    .data               delay.o
    0x20000060   0x08002c48   0x00000002   Data   RW          669    .data               ioi2c.o
    0x20000062   0x08002c4a   0x00000006   PAD
    0x20000068   0x08002c50   0x00000030   Data   RW          697    .data               ms5611.o
    0x20000098   0x08002c80   0x00000004   Data   RW          818    .data               mc_w.l(errno.o)
    0x2000009c        -       0x0000000c   Zero   RW          696    .bss                ms5611.o
    0x200000a8        -       0x00000400   Zero   RW          265    STACK               startup_stm32f40_41xxx.o


==============================================================================

Image component sizes


      Code (inc. data)   RO Data    RW Data    ZI Data      Debug   Object Name

        52          8          0          8          0       1158   copter_config.o
       184          4          0          4          0       1497   delay.o
       928         16          0          2          0       5069   ioi2c.o
       412         36          0         48          0     293872   main.o
       176         12          0          0          0       1977   misc.o
      1134         78          0         48         12       6118   ms5611.o
        36          8        392          0       1024        824   startup_stm32f40_41xxx.o
       524         44          0          0          0       4501   stm32f4xx_gpio.o
        18          0          0          0          0       1198   stm32f4xx_it.o
      1152         48          0         16          0      13364   stm32f4xx_rcc.o
       380         36          0         20          0       1867   system_stm32f4xx.o

    ----------------------------------------------------------------------
      4998        290        424        152       1036     331445   Object Totals
         0          0         32          0          0          0   (incl. Generated)
         2          0          0          6          0          0   (incl. Padding)

    ----------------------------------------------------------------------

      Code (inc. data)   RO Data    RW Data    ZI Data      Debug   Library Member Name

       164         44          0          0          0        620   dunder.o
        24          0          0          0          0        124   fabs.o
        48          0          0          0          0        124   fpclassify.o
       248          0          0          0          0        152   poly.o
      3152        296        136          0          0        352   pow.o
         0          0          8          0          0          0   qnan.o
       110          0          0          0          0        148   sqrt.o
         0          0          0          0          0          0   entry.o
         0          0          0          0          0          0   entry10a.o
         0          0          0          0          0          0   entry11a.o
         8          4          0          0          0          0   entry2.o
         4          0          0          0          0          0   entry5.o
         0          0          0          0          0          0   entry7b.o
         0          0          0          0          0          0   entry8b.o
         8          4          0          0          0          0   entry9a.o
        12          6          0          4          0         68   errno.o
        30          0          0          0          0          0   handlers.o
        36          8          0          0          0         68   init.o
         0          0          0          0          0          0   iusefp.o
        98          0          0          0          0         84   ldiv.o
        30          0          0          0          0         68   llshl.o
        36          0          0          0          0         68   llsshr.o
        32          0          0          0          0         68   llushr.o
        98          0          0          0          0         92   uldiv.o
        48          0          0          0          0         68   cdrcmple.o
        56          0          0          0          0         88   d2f.o
       334          0          0          0          0        148   dadd.o
       222          0          0          0          0        100   ddiv.o
       186          0          0          0          0        176   depilogue.o
        62          0          0          0          0         80   dfixi.o
        34          0          0          0          0         76   dflti.o
        26          0          0          0          0         76   dfltui.o
       228          0          0          0          0         96   dmul.o
        46          0          0          0          0         80   dscalb.o
       162          0          0          0          0        100   dsqrt.o
       110          0          0          0          0        168   fepilogue.o

    ----------------------------------------------------------------------
      5674        362        144          4          0       3292   Library Totals
        22          0          0          0          0          0   (incl. Padding)

    ----------------------------------------------------------------------

      Code (inc. data)   RO Data    RW Data    ZI Data      Debug   Library Name

      3746        340        144          0          0       1520   m_wm.l
       392         22          0          4          0        516   mc_w.l
      1514          0          0          0          0       1256   mf_w.l

    ----------------------------------------------------------------------
      5674        362        144          4          0       3292   Library Totals

    ----------------------------------------------------------------------

==============================================================================


      Code (inc. data)   RO Data    RW Data    ZI Data      Debug   

     10672        652        568        156       1036     331257   Grand Totals
     10672        652        568        156       1036     331257   ELF Image Totals
     10672        652        568        156          0          0   ROM Totals

==============================================================================

    Total RO  Size (Code + RO Data)                11240 (  10.98kB)
    Total RW  Size (RW Data + ZI Data)              1192 (   1.16kB)
    Total ROM Size (Code + RO Data + RW Data)      11396 (  11.13kB)

==============================================================================

