Component: ARM Compiler 5.06 update 5 (build 528) Tool: armlink [4d35e2]

==============================================================================

Section Cross References

    main.o(.text) refers to f2d.o(.text) for __aeabi_f2d
    main.o(.text) refers to dadd.o(.text) for __aeabi_dadd
    main.o(.text) refers to ddiv.o(.text) for __aeabi_ddiv
    main.o(.text) refers to d2f.o(.text) for __aeabi_d2f
    main.o(.text) refers to misc.o(.text) for NVIC_PriorityGroupConfig
    main.o(.text) refers to delay.o(.text) for delay_init
    main.o(.text) refers to hmc5883l.o(.text) for hmc5883_iic_config
    main.o(.text) refers to mpu6050.o(.text) for mpu6050_iic_config
    main.o(.text) refers to ms5611.o(.text) for ms5611_iic_config
    main.o(.text) refers to stm32f4xx_rcc.o(.text) for RCC_AHB1PeriphClockCmd
    main.o(.text) refers to stm32f4xx_gpio.o(.text) for GPIO_Init
    main.o(.text) refers to dflti.o(.text) for __aeabi_i2d
    main.o(.text) refers to dmul.o(.text) for __aeabi_dmul
    main.o(.text) refers to dfltui.o(.text) for __aeabi_ui2d
    main.o(.text) refers to main.o(.data) for .data
    main.o(.text) refers to main.o(.bss) for .bss
    system_stm32f4xx.o(.text) refers to system_stm32f4xx.o(.data) for .data
    startup_stm32f40_41xxx.o(RESET) refers to startup_stm32f40_41xxx.o(STACK) for __initial_sp
    startup_stm32f40_41xxx.o(RESET) refers to startup_stm32f40_41xxx.o(.text) for Reset_Handler
    startup_stm32f40_41xxx.o(RESET) refers to stm32f4xx_it.o(.text) for NMI_Handler
    startup_stm32f40_41xxx.o(.text) refers to system_stm32f4xx.o(.text) for SystemInit
    startup_stm32f40_41xxx.o(.text) refers to entry.o(.ARM.Collect$$$$00000000) for __main
    stm32f4xx_dma2d.o(.text) refers to stm32f4xx_rcc.o(.text) for RCC_AHB1PeriphResetCmd
    stm32f4xx_fsmc.o(.text) refers to stm32f4xx_fsmc.o(.constdata) for .constdata
    stm32f4xx_gpio.o(.text) refers to stm32f4xx_rcc.o(.text) for RCC_AHB1PeriphResetCmd
    stm32f4xx_i2c.o(.text) refers to stm32f4xx_rcc.o(.text) for RCC_APB1PeriphResetCmd
    stm32f4xx_rcc.o(.text) refers to stm32f4xx_rcc.o(.data) for .data
    stm32f4xx_rng.o(.text) refers to stm32f4xx_rcc.o(.text) for RCC_AHB2PeriphResetCmd
    stm32f4xx_sdio.o(.text) refers to stm32f4xx_rcc.o(.text) for RCC_APB2PeriphResetCmd
    stm32f4xx_syscfg.o(.text) refers to stm32f4xx_rcc.o(.text) for RCC_APB2PeriphResetCmd
    stm32f4xx_tim.o(.text) refers to stm32f4xx_rcc.o(.text) for RCC_APB2PeriphResetCmd
    stm32f4xx_usart.o(.text) refers to stm32f4xx_rcc.o(.text) for RCC_APB2PeriphResetCmd
    delay.o(.text) refers to misc.o(.text) for SysTick_CLKSourceConfig
    delay.o(.text) refers to delay.o(.data) for .data
    hmc5883l.o(.text) refers to stm32f4xx_rcc.o(.text) for RCC_AHB1PeriphClockCmd
    hmc5883l.o(.text) refers to stm32f4xx_gpio.o(.text) for GPIO_Init
    hmc5883l.o(.text) refers to ioi2c.o(.text) for IICreadBytes
    hmc5883l.o(.text) refers to delay.o(.text) for delay_us
    hmc5883l.o(.text) refers to hmc5883l.o(.bss) for .bss
    hmc5883l.o(.text) refers to hmc5883l.o(.data) for .data
    ioi2c.o(.text) refers to delay.o(.text) for delay_us
    ioi2c.o(.text) refers to ioi2c.o(.data) for .data
    mpu6050.o(.text) refers to stm32f4xx_rcc.o(.text) for RCC_AHB1PeriphClockCmd
    mpu6050.o(.text) refers to stm32f4xx_gpio.o(.text) for GPIO_Init
    mpu6050.o(.text) refers to ioi2c.o(.text) for IICwriteBits
    mpu6050.o(.text) refers to fmath.o(.text) for Math_Constrain
    mpu6050.o(.text) refers to delay.o(.text) for delay_us
    mpu6050.o(.text) refers to mpu6050.o(.bss) for .bss
    mpu6050.o(.text) refers to mpu6050.o(.data) for .data
    ms5611.o(.text) refers to stm32f4xx_rcc.o(.text) for RCC_AHB1PeriphClockCmd
    ms5611.o(.text) refers to stm32f4xx_gpio.o(.text) for GPIO_Init
    ms5611.o(.text) refers to ioi2c.o(.text) for IICreadBytes
    ms5611.o(.text) refers to delay.o(.text) for delay_ms
    ms5611.o(.text) refers to ddiv.o(.text) for __aeabi_ddiv
    ms5611.o(.text) refers to pow.o(i.__hardfp_pow) for __hardfp_pow
    ms5611.o(.text) refers to dadd.o(.text) for __aeabi_drsub
    ms5611.o(.text) refers to dmul.o(.text) for __aeabi_dmul
    ms5611.o(.text) refers to ldiv.o(.text) for __aeabi_ldivmod
    ms5611.o(.text) refers to dflti.o(.text) for __aeabi_i2d
    ms5611.o(.text) refers to dfltui.o(.text) for __aeabi_ui2d
    ms5611.o(.text) refers to cdrcmple.o(.text) for __aeabi_cdrcmple
    ms5611.o(.text) refers to d2f.o(.text) for __aeabi_d2f
    ms5611.o(.text) refers to dfixi.o(.text) for __aeabi_d2iz
    ms5611.o(.text) refers to ms5611.o(.bss) for .bss
    ms5611.o(.text) refers to ms5611.o(.data) for .data
    pow.o(i.__hardfp_pow) refers (Special) to iusefp.o(.text) for __I$use$fp
    pow.o(i.__hardfp_pow) refers to dunder.o(i.__mathlib_dbl_infnan2) for __mathlib_dbl_infnan2
    pow.o(i.__hardfp_pow) refers to errno.o(i.__set_errno) for __set_errno
    pow.o(i.__hardfp_pow) refers to dunder.o(i.__mathlib_dbl_divzero) for __mathlib_dbl_divzero
    pow.o(i.__hardfp_pow) refers to dunder.o(i.__mathlib_dbl_overflow) for __mathlib_dbl_overflow
    pow.o(i.__hardfp_pow) refers to ddiv.o(.text) for __aeabi_ddiv
    pow.o(i.__hardfp_pow) refers to sqrt.o(i.sqrt) for sqrt
    pow.o(i.__hardfp_pow) refers to fabs.o(i.fabs) for fabs
    pow.o(i.__hardfp_pow) refers to dflti.o(.text) for __aeabi_i2d
    pow.o(i.__hardfp_pow) refers to dunder.o(i.__mathlib_dbl_invalid) for __mathlib_dbl_invalid
    pow.o(i.__hardfp_pow) refers to dmul.o(.text) for __aeabi_dmul
    pow.o(i.__hardfp_pow) refers to dunder.o(i.__mathlib_dbl_underflow) for __mathlib_dbl_underflow
    pow.o(i.__hardfp_pow) refers to dadd.o(.text) for __aeabi_dsub
    pow.o(i.__hardfp_pow) refers to qnan.o(.constdata) for __mathlib_zero
    pow.o(i.__hardfp_pow) refers to poly.o(i.__kernel_poly) for __kernel_poly
    pow.o(i.__hardfp_pow) refers to pow.o(.constdata) for .constdata
    pow.o(i.__hardfp_pow) refers to cdrcmple.o(.text) for __aeabi_cdrcmple
    pow.o(i.__hardfp_pow) refers to dscalb.o(.text) for __ARM_scalbn
    pow.o(i.__hardfp_pow) refers to fpclassify.o(i.__ARM_fpclassify) for __ARM_fpclassify
    pow.o(i.__softfp_pow) refers (Special) to iusefp.o(.text) for __I$use$fp
    pow.o(i.__softfp_pow) refers to pow.o(i.__hardfp_pow) for __hardfp_pow
    pow.o(i.pow) refers (Special) to iusefp.o(.text) for __I$use$fp
    pow.o(i.pow) refers to pow.o(i.__hardfp_pow) for __hardfp_pow
    pow.o(.constdata) refers (Special) to iusefp.o(.text) for __I$use$fp
    pow_x.o(i.____hardfp_pow$lsc) refers (Special) to iusefp.o(.text) for __I$use$fp
    pow_x.o(i.____hardfp_pow$lsc) refers to dunder.o(i.__mathlib_dbl_infnan2) for __mathlib_dbl_infnan2
    pow_x.o(i.____hardfp_pow$lsc) refers to errno.o(i.__set_errno) for __set_errno
    pow_x.o(i.____hardfp_pow$lsc) refers to ddiv.o(.text) for __aeabi_ddiv
    pow_x.o(i.____hardfp_pow$lsc) refers to sqrt.o(i.sqrt) for sqrt
    pow_x.o(i.____hardfp_pow$lsc) refers to fabs.o(i.fabs) for fabs
    pow_x.o(i.____hardfp_pow$lsc) refers to dflti.o(.text) for __aeabi_i2d
    pow_x.o(i.____hardfp_pow$lsc) refers to dmul.o(.text) for __aeabi_dmul
    pow_x.o(i.____hardfp_pow$lsc) refers to dadd.o(.text) for __aeabi_dsub
    pow_x.o(i.____hardfp_pow$lsc) refers to qnan.o(.constdata) for __mathlib_zero
    pow_x.o(i.____hardfp_pow$lsc) refers to poly.o(i.__kernel_poly) for __kernel_poly
    pow_x.o(i.____hardfp_pow$lsc) refers to pow_x.o(.constdata) for .constdata
    pow_x.o(i.____hardfp_pow$lsc) refers to cdrcmple.o(.text) for __aeabi_cdrcmple
    pow_x.o(i.____hardfp_pow$lsc) refers to dscalb.o(.text) for __ARM_scalbn
    pow_x.o(i.____softfp_pow$lsc) refers (Special) to iusefp.o(.text) for __I$use$fp
    pow_x.o(i.____softfp_pow$lsc) refers to pow_x.o(i.____hardfp_pow$lsc) for ____hardfp_pow$lsc
    pow_x.o(i.__pow$lsc) refers (Special) to iusefp.o(.text) for __I$use$fp
    pow_x.o(i.__pow$lsc) refers to pow_x.o(i.____hardfp_pow$lsc) for ____hardfp_pow$lsc
    pow_x.o(.constdata) refers (Special) to iusefp.o(.text) for __I$use$fp
    entry.o(.ARM.Collect$$$$00000000) refers (Special) to entry10a.o(.ARM.Collect$$$$0000000D) for __rt_final_cpp
    entry.o(.ARM.Collect$$$$00000000) refers (Special) to entry11a.o(.ARM.Collect$$$$0000000F) for __rt_final_exit
    entry.o(.ARM.Collect$$$$00000000) refers (Special) to entry7b.o(.ARM.Collect$$$$00000008) for _main_clock
    entry.o(.ARM.Collect$$$$00000000) refers (Special) to entry8b.o(.ARM.Collect$$$$0000000A) for _main_cpp_init
    entry.o(.ARM.Collect$$$$00000000) refers (Special) to entry9a.o(.ARM.Collect$$$$0000000B) for _main_init
    entry.o(.ARM.Collect$$$$00000000) refers (Special) to entry5.o(.ARM.Collect$$$$00000004) for _main_scatterload
    entry.o(.ARM.Collect$$$$00000000) refers (Special) to entry2.o(.ARM.Collect$$$$00000001) for _main_stk
    ldiv.o(.text) refers to uldiv.o(.text) for __aeabi_uldivmod
    dadd.o(.text) refers (Special) to iusefp.o(.text) for __I$use$fp
    dadd.o(.text) refers to llshl.o(.text) for __aeabi_llsl
    dadd.o(.text) refers to llsshr.o(.text) for __aeabi_lasr
    dadd.o(.text) refers to depilogue.o(.text) for _double_epilogue
    dmul.o(.text) refers (Special) to iusefp.o(.text) for __I$use$fp
    dmul.o(.text) refers to depilogue.o(.text) for _double_epilogue
    ddiv.o(.text) refers (Special) to iusefp.o(.text) for __I$use$fp
    ddiv.o(.text) refers to depilogue.o(.text) for _double_round
    dflti.o(.text) refers (Special) to iusefp.o(.text) for __I$use$fp
    dflti.o(.text) refers to depilogue.o(.text) for _double_epilogue
    dfltui.o(.text) refers (Special) to iusefp.o(.text) for __I$use$fp
    dfltui.o(.text) refers to depilogue.o(.text) for _double_epilogue
    dfixi.o(.text) refers (Special) to iusefp.o(.text) for __I$use$fp
    dfixi.o(.text) refers to llushr.o(.text) for __aeabi_llsr
    f2d.o(.text) refers (Special) to iusefp.o(.text) for __I$use$fp
    cdrcmple.o(.text) refers (Special) to iusefp.o(.text) for __I$use$fp
    d2f.o(.text) refers (Special) to iusefp.o(.text) for __I$use$fp
    d2f.o(.text) refers to fepilogue.o(.text) for _float_round
    dunder.o(i.__mathlib_dbl_divzero) refers to ddiv.o(.text) for __aeabi_ddiv
    dunder.o(i.__mathlib_dbl_infnan) refers to dadd.o(.text) for __aeabi_dadd
    dunder.o(i.__mathlib_dbl_infnan2) refers to dadd.o(.text) for __aeabi_dadd
    dunder.o(i.__mathlib_dbl_invalid) refers to ddiv.o(.text) for __aeabi_ddiv
    dunder.o(i.__mathlib_dbl_overflow) refers to dmul.o(.text) for __aeabi_dmul
    dunder.o(i.__mathlib_dbl_posinfnan) refers to dmul.o(.text) for __aeabi_dmul
    dunder.o(i.__mathlib_dbl_underflow) refers to dmul.o(.text) for __aeabi_dmul
    fabs.o(i.__hardfp_fabs) refers (Special) to iusefp.o(.text) for __I$use$fp
    fabs.o(i.__softfp_fabs) refers (Special) to iusefp.o(.text) for __I$use$fp
    fabs.o(i.fabs) refers (Special) to iusefp.o(.text) for __I$use$fp
    fpclassify.o(i.__ARM_fpclassify) refers (Special) to iusefp.o(.text) for __I$use$fp
    poly.o(i.__kernel_poly) refers (Special) to iusefp.o(.text) for __I$use$fp
    poly.o(i.__kernel_poly) refers to dmul.o(.text) for __aeabi_dmul
    poly.o(i.__kernel_poly) refers to dadd.o(.text) for __aeabi_dadd
    qnan.o(.constdata) refers (Special) to iusefp.o(.text) for __I$use$fp
    sqrt.o(i.__hardfp_sqrt) refers (Special) to iusefp.o(.text) for __I$use$fp
    sqrt.o(i.__hardfp_sqrt) refers to dsqrt.o(.text) for _dsqrt
    sqrt.o(i.__hardfp_sqrt) refers to errno.o(i.__set_errno) for __set_errno
    sqrt.o(i.__softfp_sqrt) refers (Special) to iusefp.o(.text) for __I$use$fp
    sqrt.o(i.__softfp_sqrt) refers to dsqrt.o(.text) for _dsqrt
    sqrt.o(i.__softfp_sqrt) refers to errno.o(i.__set_errno) for __set_errno
    sqrt.o(i.sqrt) refers (Special) to iusefp.o(.text) for __I$use$fp
    sqrt.o(i.sqrt) refers to dsqrt.o(.text) for _dsqrt
    sqrt.o(i.sqrt) refers to errno.o(i.__set_errno) for __set_errno
    sqrt_x.o(i.____hardfp_sqrt$lsc) refers (Special) to iusefp.o(.text) for __I$use$fp
    sqrt_x.o(i.____hardfp_sqrt$lsc) refers to cdcmple.o(.text) for __aeabi_cdcmple
    sqrt_x.o(i.____hardfp_sqrt$lsc) refers to errno.o(i.__set_errno) for __set_errno
    sqrt_x.o(i.____hardfp_sqrt$lsc) refers to dsqrt.o(.text) for _dsqrt
    sqrt_x.o(i.____softfp_sqrt$lsc) refers (Special) to iusefp.o(.text) for __I$use$fp
    sqrt_x.o(i.____softfp_sqrt$lsc) refers to cdcmple.o(.text) for __aeabi_cdcmple
    sqrt_x.o(i.____softfp_sqrt$lsc) refers to errno.o(i.__set_errno) for __set_errno
    sqrt_x.o(i.____softfp_sqrt$lsc) refers to dsqrt.o(.text) for _dsqrt
    sqrt_x.o(i.__sqrt$lsc) refers (Special) to iusefp.o(.text) for __I$use$fp
    sqrt_x.o(i.__sqrt$lsc) refers to cdcmple.o(.text) for __aeabi_cdcmple
    sqrt_x.o(i.__sqrt$lsc) refers to errno.o(i.__set_errno) for __set_errno
    sqrt_x.o(i.__sqrt$lsc) refers to dsqrt.o(.text) for _dsqrt
    entry2.o(.ARM.Collect$$$$00000001) refers to entry2.o(.ARM.Collect$$$$00002712) for __lit__00000000
    entry2.o(.ARM.Collect$$$$00002712) refers to startup_stm32f40_41xxx.o(STACK) for __initial_sp
    entry2.o(__vectab_stack_and_reset_area) refers to startup_stm32f40_41xxx.o(STACK) for __initial_sp
    entry2.o(__vectab_stack_and_reset_area) refers to entry.o(.ARM.Collect$$$$00000000) for __main
    entry5.o(.ARM.Collect$$$$00000004) refers to init.o(.text) for __scatterload
    entry9a.o(.ARM.Collect$$$$0000000B) refers to main.o(.text) for main
    entry9b.o(.ARM.Collect$$$$0000000C) refers to main.o(.text) for main
    uldiv.o(.text) refers to llushr.o(.text) for __aeabi_llsr
    uldiv.o(.text) refers to llshl.o(.text) for __aeabi_llsl
    errno.o(i.__aeabi_errno_addr) refers to errno.o(.data) for .data
    errno.o(i.__read_errno) refers to errno.o(.data) for .data
    errno.o(i.__set_errno) refers to errno.o(.data) for .data
    depilogue.o(.text) refers to llshl.o(.text) for __aeabi_llsl
    depilogue.o(.text) refers to llushr.o(.text) for __aeabi_llsr
    init.o(.text) refers to entry5.o(.ARM.Collect$$$$00000004) for __main_after_scatterload
    dsqrt.o(.text) refers to llushr.o(.text) for __aeabi_llsr
    dsqrt.o(.text) refers to depilogue.o(.text) for _double_round


==============================================================================

Removing Unused input sections from the image.

    Removing main.o(.rev16_text), (4 bytes).
    Removing main.o(.revsh_text), (4 bytes).
    Removing main.o(.data), (4 bytes).
    Removing main.o(.data), (4 bytes).
    Removing main.o(.data), (4 bytes).
    Removing main.o(.data), (4 bytes).
    Removing main.o(.data), (4 bytes).
    Removing stm32f4xx_it.o(.rev16_text), (4 bytes).
    Removing stm32f4xx_it.o(.revsh_text), (4 bytes).
    Removing system_stm32f4xx.o(.rev16_text), (4 bytes).
    Removing system_stm32f4xx.o(.revsh_text), (4 bytes).
    Removing startup_stm32f40_41xxx.o(HEAP), (512 bytes).
    Removing misc.o(.rev16_text), (4 bytes).
    Removing misc.o(.revsh_text), (4 bytes).
    Removing stm32f4xx_dbgmcu.o(.rev16_text), (4 bytes).
    Removing stm32f4xx_dbgmcu.o(.revsh_text), (4 bytes).
    Removing stm32f4xx_dbgmcu.o(.text), (76 bytes).
    Removing stm32f4xx_dma2d.o(.rev16_text), (4 bytes).
    Removing stm32f4xx_dma2d.o(.revsh_text), (4 bytes).
    Removing stm32f4xx_dma2d.o(.text), (692 bytes).
    Removing stm32f4xx_dma.o(.rev16_text), (4 bytes).
    Removing stm32f4xx_dma.o(.revsh_text), (4 bytes).
    Removing stm32f4xx_dma.o(.text), (800 bytes).
    Removing stm32f4xx_exti.o(.rev16_text), (4 bytes).
    Removing stm32f4xx_exti.o(.revsh_text), (4 bytes).
    Removing stm32f4xx_exti.o(.text), (224 bytes).
    Removing stm32f4xx_flash.o(.rev16_text), (4 bytes).
    Removing stm32f4xx_flash.o(.revsh_text), (4 bytes).
    Removing stm32f4xx_flash.o(.text), (1256 bytes).
    Removing stm32f4xx_flash_ramfunc.o(.rev16_text), (4 bytes).
    Removing stm32f4xx_flash_ramfunc.o(.revsh_text), (4 bytes).
    Removing stm32f4xx_flash_ramfunc.o(.text), (48 bytes).
    Removing stm32f4xx_fsmc.o(.rev16_text), (4 bytes).
    Removing stm32f4xx_fsmc.o(.revsh_text), (4 bytes).
    Removing stm32f4xx_fsmc.o(.text), (1096 bytes).
    Removing stm32f4xx_fsmc.o(.constdata), (28 bytes).
    Removing stm32f4xx_gpio.o(.rev16_text), (4 bytes).
    Removing stm32f4xx_gpio.o(.revsh_text), (4 bytes).
    Removing stm32f4xx_i2c.o(.rev16_text), (4 bytes).
    Removing stm32f4xx_i2c.o(.revsh_text), (4 bytes).
    Removing stm32f4xx_i2c.o(.text), (864 bytes).
    Removing stm32f4xx_rcc.o(.rev16_text), (4 bytes).
    Removing stm32f4xx_rcc.o(.revsh_text), (4 bytes).
    Removing stm32f4xx_rng.o(.rev16_text), (4 bytes).
    Removing stm32f4xx_rng.o(.revsh_text), (4 bytes).
    Removing stm32f4xx_rng.o(.text), (140 bytes).
    Removing stm32f4xx_rtc.o(.rev16_text), (4 bytes).
    Removing stm32f4xx_rtc.o(.revsh_text), (4 bytes).
    Removing stm32f4xx_rtc.o(.text), (2636 bytes).
    Removing stm32f4xx_sdio.o(.rev16_text), (4 bytes).
    Removing stm32f4xx_sdio.o(.revsh_text), (4 bytes).
    Removing stm32f4xx_sdio.o(.text), (440 bytes).
    Removing stm32f4xx_syscfg.o(.rev16_text), (4 bytes).
    Removing stm32f4xx_syscfg.o(.revsh_text), (4 bytes).
    Removing stm32f4xx_syscfg.o(.text), (124 bytes).
    Removing stm32f4xx_tim.o(.rev16_text), (4 bytes).
    Removing stm32f4xx_tim.o(.revsh_text), (4 bytes).
    Removing stm32f4xx_tim.o(.text), (2524 bytes).
    Removing stm32f4xx_usart.o(.rev16_text), (4 bytes).
    Removing stm32f4xx_usart.o(.revsh_text), (4 bytes).
    Removing stm32f4xx_usart.o(.text), (856 bytes).
    Removing delay.o(.rev16_text), (4 bytes).
    Removing delay.o(.revsh_text), (4 bytes).
    Removing sys.o(.rev16_text), (4 bytes).
    Removing sys.o(.revsh_text), (4 bytes).
    Removing sys.o(.emb_text), (16 bytes).
    Removing hmc5883l.o(.rev16_text), (4 bytes).
    Removing hmc5883l.o(.revsh_text), (4 bytes).
    Removing imu.o(.rev16_text), (4 bytes).
    Removing imu.o(.revsh_text), (4 bytes).
    Removing imu.o(.text), (72 bytes).
    Removing imu.o(.data), (2 bytes).
    Removing imu.o(.data), (1 bytes).
    Removing imu.o(.data), (2 bytes).
    Removing imu.o(.data), (4 bytes).
    Removing imu.o(.data), (4 bytes).
    Removing imu.o(.data), (4 bytes).
    Removing imu.o(.data), (4 bytes).
    Removing imu.o(.data), (4 bytes).
    Removing imu.o(.data), (4 bytes).
    Removing imu.o(.data), (4 bytes).
    Removing imu.o(.data), (4 bytes).
    Removing imu.o(.data), (4 bytes).
    Removing imu.o(.data), (4 bytes).
    Removing imu.o(.data), (4 bytes).
    Removing imu.o(.data), (4 bytes).
    Removing imu.o(.data), (4 bytes).
    Removing imu.o(.data), (4 bytes).
    Removing imu.o(.data), (4 bytes).
    Removing imu.o(.data), (4 bytes).
    Removing imu.o(.data), (4 bytes).
    Removing imu.o(.data), (8 bytes).
    Removing imu.o(.data), (4 bytes).
    Removing imu.o(.data), (4 bytes).
    Removing imu.o(.data), (4 bytes).
    Removing imu.o(.data), (4 bytes).
    Removing imu.o(.data), (4 bytes).
    Removing imu.o(.data), (4 bytes).
    Removing imu.o(.data), (4 bytes).
    Removing imu.o(.data), (4 bytes).
    Removing imu.o(.data), (4 bytes).
    Removing imu.o(.data), (4 bytes).
    Removing fmath.o(.rev16_text), (4 bytes).
    Removing fmath.o(.revsh_text), (4 bytes).
    Removing ioi2c.o(.rev16_text), (4 bytes).
    Removing ioi2c.o(.revsh_text), (4 bytes).
    Removing mpu6050.o(.rev16_text), (4 bytes).
    Removing mpu6050.o(.revsh_text), (4 bytes).
    Removing ms5611.o(.rev16_text), (4 bytes).
    Removing ms5611.o(.revsh_text), (4 bytes).
    Removing ms5611.o(.data), (4 bytes).
    Removing dneg.o(.text), (6 bytes).
    Removing cdcmple.o(.text), (48 bytes).

113 unused section(s) (total 12827 bytes) removed from the image.

==============================================================================

Image Symbol Table

    Local Symbols

    Symbol Name                              Value     Ov Type        Size  Object(Section)

    ../clib/microlib/division.c              0x00000000   Number         0  ldiv.o ABSOLUTE
    ../clib/microlib/division.c              0x00000000   Number         0  uldiv.o ABSOLUTE
    ../clib/microlib/errno.c                 0x00000000   Number         0  errno.o ABSOLUTE
    ../clib/microlib/init/entry.s            0x00000000   Number         0  entry2.o ABSOLUTE
    ../clib/microlib/init/entry.s            0x00000000   Number         0  entry9b.o ABSOLUTE
    ../clib/microlib/init/entry.s            0x00000000   Number         0  entry8a.o ABSOLUTE
    ../clib/microlib/init/entry.s            0x00000000   Number         0  entry10a.o ABSOLUTE
    ../clib/microlib/init/entry.s            0x00000000   Number         0  entry9a.o ABSOLUTE
    ../clib/microlib/init/entry.s            0x00000000   Number         0  entry10b.o ABSOLUTE
    ../clib/microlib/init/entry.s            0x00000000   Number         0  entry.o ABSOLUTE
    ../clib/microlib/init/entry.s            0x00000000   Number         0  entry11a.o ABSOLUTE
    ../clib/microlib/init/entry.s            0x00000000   Number         0  entry8b.o ABSOLUTE
    ../clib/microlib/init/entry.s            0x00000000   Number         0  entry11b.o ABSOLUTE
    ../clib/microlib/init/entry.s            0x00000000   Number         0  entry7b.o ABSOLUTE
    ../clib/microlib/init/entry.s            0x00000000   Number         0  entry7a.o ABSOLUTE
    ../clib/microlib/init/entry.s            0x00000000   Number         0  entry5.o ABSOLUTE
    ../clib/microlib/longlong.c              0x00000000   Number         0  llsshr.o ABSOLUTE
    ../clib/microlib/longlong.c              0x00000000   Number         0  llushr.o ABSOLUTE
    ../clib/microlib/longlong.c              0x00000000   Number         0  llshl.o ABSOLUTE
    ../clib/microlib/stubs.s                 0x00000000   Number         0  iusefp.o ABSOLUTE
    ../fplib/microlib/d2f.c                  0x00000000   Number         0  d2f.o ABSOLUTE
    ../fplib/microlib/f2d.c                  0x00000000   Number         0  f2d.o ABSOLUTE
    ../fplib/microlib/fpadd.c                0x00000000   Number         0  dadd.o ABSOLUTE
    ../fplib/microlib/fpdiv.c                0x00000000   Number         0  ddiv.o ABSOLUTE
    ../fplib/microlib/fpepilogue.c           0x00000000   Number         0  fepilogue.o ABSOLUTE
    ../fplib/microlib/fpepilogue.c           0x00000000   Number         0  depilogue.o ABSOLUTE
    ../fplib/microlib/fpfix.c                0x00000000   Number         0  dfixi.o ABSOLUTE
    ../fplib/microlib/fpflt.c                0x00000000   Number         0  dflti.o ABSOLUTE
    ../fplib/microlib/fpflt.c                0x00000000   Number         0  dfltui.o ABSOLUTE
    ../fplib/microlib/fpmul.c                0x00000000   Number         0  dmul.o ABSOLUTE
    ../fplib/microlib/fpneg.c                0x00000000   Number         0  dneg.o ABSOLUTE
    ../fplib/microlib/fpscalb.c              0x00000000   Number         0  dscalb.o ABSOLUTE
    ../fplib/microlib/fpsqrt.c               0x00000000   Number         0  dsqrt.o ABSOLUTE
    ../mathlib/dunder.c                      0x00000000   Number         0  dunder.o ABSOLUTE
    ../mathlib/fabs.c                        0x00000000   Number         0  fabs.o ABSOLUTE
    ../mathlib/fpclassify.c                  0x00000000   Number         0  fpclassify.o ABSOLUTE
    ../mathlib/poly.c                        0x00000000   Number         0  poly.o ABSOLUTE
    ../mathlib/pow.c                         0x00000000   Number         0  pow.o ABSOLUTE
    ../mathlib/pow.c                         0x00000000   Number         0  pow_x.o ABSOLUTE
    ../mathlib/qnan.c                        0x00000000   Number         0  qnan.o ABSOLUTE
    ../mathlib/sqrt.c                        0x00000000   Number         0  sqrt.o ABSOLUTE
    ../mathlib/sqrt.c                        0x00000000   Number         0  sqrt_x.o ABSOLUTE
    ..\CORE\startup_stm32f40_41xxx.s         0x00000000   Number         0  startup_stm32f40_41xxx.o ABSOLUTE
    ..\FWLIB\src\misc.c                      0x00000000   Number         0  misc.o ABSOLUTE
    ..\FWLIB\src\stm32f4xx_dbgmcu.c          0x00000000   Number         0  stm32f4xx_dbgmcu.o ABSOLUTE
    ..\FWLIB\src\stm32f4xx_dma.c             0x00000000   Number         0  stm32f4xx_dma.o ABSOLUTE
    ..\FWLIB\src\stm32f4xx_dma2d.c           0x00000000   Number         0  stm32f4xx_dma2d.o ABSOLUTE
    ..\FWLIB\src\stm32f4xx_exti.c            0x00000000   Number         0  stm32f4xx_exti.o ABSOLUTE
    ..\FWLIB\src\stm32f4xx_flash.c           0x00000000   Number         0  stm32f4xx_flash.o ABSOLUTE
    ..\FWLIB\src\stm32f4xx_flash_ramfunc.c   0x00000000   Number         0  stm32f4xx_flash_ramfunc.o ABSOLUTE
    ..\FWLIB\src\stm32f4xx_fsmc.c            0x00000000   Number         0  stm32f4xx_fsmc.o ABSOLUTE
    ..\FWLIB\src\stm32f4xx_gpio.c            0x00000000   Number         0  stm32f4xx_gpio.o ABSOLUTE
    ..\FWLIB\src\stm32f4xx_i2c.c             0x00000000   Number         0  stm32f4xx_i2c.o ABSOLUTE
    ..\FWLIB\src\stm32f4xx_rcc.c             0x00000000   Number         0  stm32f4xx_rcc.o ABSOLUTE
    ..\FWLIB\src\stm32f4xx_rng.c             0x00000000   Number         0  stm32f4xx_rng.o ABSOLUTE
    ..\FWLIB\src\stm32f4xx_rtc.c             0x00000000   Number         0  stm32f4xx_rtc.o ABSOLUTE
    ..\FWLIB\src\stm32f4xx_sdio.c            0x00000000   Number         0  stm32f4xx_sdio.o ABSOLUTE
    ..\FWLIB\src\stm32f4xx_syscfg.c          0x00000000   Number         0  stm32f4xx_syscfg.o ABSOLUTE
    ..\FWLIB\src\stm32f4xx_tim.c             0x00000000   Number         0  stm32f4xx_tim.o ABSOLUTE
    ..\FWLIB\src\stm32f4xx_usart.c           0x00000000   Number         0  stm32f4xx_usart.o ABSOLUTE
    ..\HardWareDriver\HMC5883L\HMC5883L.c    0x00000000   Number         0  hmc5883l.o ABSOLUTE
    ..\HardWareDriver\IMU\IMU.c              0x00000000   Number         0  imu.o ABSOLUTE
    ..\HardWareDriver\MPU6050\MPU6050.c      0x00000000   Number         0  mpu6050.o ABSOLUTE
    ..\HardWareDriver\MS5611\ms5611.c        0x00000000   Number         0  ms5611.o ABSOLUTE
    ..\HardWareDriver\Math\Fmath.c           0x00000000   Number         0  fmath.o ABSOLUTE
    ..\HardWareDriver\Service\IOI2C.c        0x00000000   Number         0  ioi2c.o ABSOLUTE
    ..\SYSTEM\delay\delay.c                  0x00000000   Number         0  delay.o ABSOLUTE
    ..\SYSTEM\sys\sys.c                      0x00000000   Number         0  sys.o ABSOLUTE
    ..\\FWLIB\\src\\misc.c                   0x00000000   Number         0  misc.o ABSOLUTE
    ..\\FWLIB\\src\\stm32f4xx_dbgmcu.c       0x00000000   Number         0  stm32f4xx_dbgmcu.o ABSOLUTE
    ..\\FWLIB\\src\\stm32f4xx_dma.c          0x00000000   Number         0  stm32f4xx_dma.o ABSOLUTE
    ..\\FWLIB\\src\\stm32f4xx_dma2d.c        0x00000000   Number         0  stm32f4xx_dma2d.o ABSOLUTE
    ..\\FWLIB\\src\\stm32f4xx_exti.c         0x00000000   Number         0  stm32f4xx_exti.o ABSOLUTE
    ..\\FWLIB\\src\\stm32f4xx_flash.c        0x00000000   Number         0  stm32f4xx_flash.o ABSOLUTE
    ..\\FWLIB\\src\\stm32f4xx_flash_ramfunc.c 0x00000000   Number         0  stm32f4xx_flash_ramfunc.o ABSOLUTE
    ..\\FWLIB\\src\\stm32f4xx_fsmc.c         0x00000000   Number         0  stm32f4xx_fsmc.o ABSOLUTE
    ..\\FWLIB\\src\\stm32f4xx_gpio.c         0x00000000   Number         0  stm32f4xx_gpio.o ABSOLUTE
    ..\\FWLIB\\src\\stm32f4xx_i2c.c          0x00000000   Number         0  stm32f4xx_i2c.o ABSOLUTE
    ..\\FWLIB\\src\\stm32f4xx_rcc.c          0x00000000   Number         0  stm32f4xx_rcc.o ABSOLUTE
    ..\\FWLIB\\src\\stm32f4xx_rng.c          0x00000000   Number         0  stm32f4xx_rng.o ABSOLUTE
    ..\\FWLIB\\src\\stm32f4xx_rtc.c          0x00000000   Number         0  stm32f4xx_rtc.o ABSOLUTE
    ..\\FWLIB\\src\\stm32f4xx_sdio.c         0x00000000   Number         0  stm32f4xx_sdio.o ABSOLUTE
    ..\\FWLIB\\src\\stm32f4xx_syscfg.c       0x00000000   Number         0  stm32f4xx_syscfg.o ABSOLUTE
    ..\\FWLIB\\src\\stm32f4xx_tim.c          0x00000000   Number         0  stm32f4xx_tim.o ABSOLUTE
    ..\\FWLIB\\src\\stm32f4xx_usart.c        0x00000000   Number         0  stm32f4xx_usart.o ABSOLUTE
    ..\\HardWareDriver\\HMC5883L\\HMC5883L.c 0x00000000   Number         0  hmc5883l.o ABSOLUTE
    ..\\HardWareDriver\\IMU\\IMU.c           0x00000000   Number         0  imu.o ABSOLUTE
    ..\\HardWareDriver\\MPU6050\\MPU6050.c   0x00000000   Number         0  mpu6050.o ABSOLUTE
    ..\\HardWareDriver\\MS5611\\ms5611.c     0x00000000   Number         0  ms5611.o ABSOLUTE
    ..\\HardWareDriver\\Math\\Fmath.c        0x00000000   Number         0  fmath.o ABSOLUTE
    ..\\HardWareDriver\\Service\\IOI2C.c     0x00000000   Number         0  ioi2c.o ABSOLUTE
    ..\\SYSTEM\\delay\\delay.c               0x00000000   Number         0  delay.o ABSOLUTE
    ..\\SYSTEM\\sys\\sys.c                   0x00000000   Number         0  sys.o ABSOLUTE
    cdcmple.s                                0x00000000   Number         0  cdcmple.o ABSOLUTE
    cdrcmple.s                               0x00000000   Number         0  cdrcmple.o ABSOLUTE
    dc.s                                     0x00000000   Number         0  dc.o ABSOLUTE
    handlers.s                               0x00000000   Number         0  handlers.o ABSOLUTE
    init.s                                   0x00000000   Number         0  init.o ABSOLUTE
    main.c                                   0x00000000   Number         0  main.o ABSOLUTE
    main.c                                   0x00000000   Number         0  main.o ABSOLUTE
    stm32f4xx_it.c                           0x00000000   Number         0  stm32f4xx_it.o ABSOLUTE
    stm32f4xx_it.c                           0x00000000   Number         0  stm32f4xx_it.o ABSOLUTE
    system_stm32f4xx.c                       0x00000000   Number         0  system_stm32f4xx.o ABSOLUTE
    system_stm32f4xx.c                       0x00000000   Number         0  system_stm32f4xx.o ABSOLUTE
    RESET                                    0x08000000   Section      392  startup_stm32f40_41xxx.o(RESET)
    .ARM.Collect$$$$00000000                 0x08000188   Section        0  entry.o(.ARM.Collect$$$$00000000)
    .ARM.Collect$$$$00000001                 0x08000188   Section        4  entry2.o(.ARM.Collect$$$$00000001)
    .ARM.Collect$$$$00000004                 0x0800018c   Section        4  entry5.o(.ARM.Collect$$$$00000004)
    .ARM.Collect$$$$00000008                 0x08000190   Section        0  entry7b.o(.ARM.Collect$$$$00000008)
    .ARM.Collect$$$$0000000A                 0x08000190   Section        0  entry8b.o(.ARM.Collect$$$$0000000A)
    .ARM.Collect$$$$0000000B                 0x08000190   Section        8  entry9a.o(.ARM.Collect$$$$0000000B)
    .ARM.Collect$$$$0000000D                 0x08000198   Section        0  entry10a.o(.ARM.Collect$$$$0000000D)
    .ARM.Collect$$$$0000000F                 0x08000198   Section        0  entry11a.o(.ARM.Collect$$$$0000000F)
    .ARM.Collect$$$$00002712                 0x08000198   Section        4  entry2.o(.ARM.Collect$$$$00002712)
    __lit__00000000                          0x08000198   Data           4  entry2.o(.ARM.Collect$$$$00002712)
    .text                                    0x0800019c   Section        0  main.o(.text)
    .text                                    0x080003bc   Section        0  stm32f4xx_it.o(.text)
    .text                                    0x080003d0   Section        0  system_stm32f4xx.o(.text)
    SetSysClock                              0x080003d1   Thumb Code   162  system_stm32f4xx.o(.text)
    .text                                    0x0800054c   Section       36  startup_stm32f40_41xxx.o(.text)
    $v0                                      0x0800054c   Number         0  startup_stm32f40_41xxx.o(.text)
    .text                                    0x08000570   Section        0  misc.o(.text)
    .text                                    0x08000620   Section        0  stm32f4xx_gpio.o(.text)
    .text                                    0x0800082c   Section        0  stm32f4xx_rcc.o(.text)
    .text                                    0x08000cac   Section        0  delay.o(.text)
    .text                                    0x08000d64   Section        0  hmc5883l.o(.text)
    .text                                    0x08001060   Section        0  fmath.o(.text)
    .text                                    0x080010e4   Section        0  ioi2c.o(.text)
    .text                                    0x0800153c   Section        0  mpu6050.o(.text)
    .text                                    0x080018e8   Section        0  ms5611.o(.text)
    .text                                    0x08001dc4   Section        0  ldiv.o(.text)
    .text                                    0x08001e26   Section        0  dadd.o(.text)
    .text                                    0x08001f74   Section        0  dmul.o(.text)
    .text                                    0x08002058   Section        0  ddiv.o(.text)
    .text                                    0x08002136   Section        0  dflti.o(.text)
    .text                                    0x08002158   Section        0  dfltui.o(.text)
    .text                                    0x08002172   Section        0  dfixi.o(.text)
    .text                                    0x080021b0   Section        0  f2d.o(.text)
    .text                                    0x080021d8   Section       48  cdrcmple.o(.text)
    .text                                    0x08002208   Section        0  d2f.o(.text)
    .text                                    0x08002240   Section        0  uldiv.o(.text)
    .text                                    0x080022a2   Section        0  llshl.o(.text)
    .text                                    0x080022c0   Section        0  llushr.o(.text)
    .text                                    0x080022e0   Section        0  llsshr.o(.text)
    .text                                    0x08002304   Section        0  fepilogue.o(.text)
    .text                                    0x08002304   Section        0  iusefp.o(.text)
    .text                                    0x08002372   Section        0  depilogue.o(.text)
    .text                                    0x0800242c   Section        0  dscalb.o(.text)
    .text                                    0x0800245c   Section       36  init.o(.text)
    .text                                    0x08002480   Section        0  dsqrt.o(.text)
    i.__ARM_fpclassify                       0x08002522   Section        0  fpclassify.o(i.__ARM_fpclassify)
    i.__hardfp_pow                           0x08002558   Section        0  pow.o(i.__hardfp_pow)
    i.__kernel_poly                          0x080031a8   Section        0  poly.o(i.__kernel_poly)
    i.__mathlib_dbl_divzero                  0x080032a0   Section        0  dunder.o(i.__mathlib_dbl_divzero)
    i.__mathlib_dbl_infnan2                  0x080032d0   Section        0  dunder.o(i.__mathlib_dbl_infnan2)
    i.__mathlib_dbl_invalid                  0x080032e8   Section        0  dunder.o(i.__mathlib_dbl_invalid)
    i.__mathlib_dbl_overflow                 0x08003308   Section        0  dunder.o(i.__mathlib_dbl_overflow)
    i.__mathlib_dbl_underflow                0x08003328   Section        0  dunder.o(i.__mathlib_dbl_underflow)
    i.__scatterload_copy                     0x08003348   Section       14  handlers.o(i.__scatterload_copy)
    i.__scatterload_null                     0x08003356   Section        2  handlers.o(i.__scatterload_null)
    i.__scatterload_zeroinit                 0x08003358   Section       14  handlers.o(i.__scatterload_zeroinit)
    i.__set_errno                            0x08003368   Section        0  errno.o(i.__set_errno)
    i.fabs                                   0x08003374   Section        0  fabs.o(i.fabs)
    i.sqrt                                   0x0800338c   Section        0  sqrt.o(i.sqrt)
    .constdata                               0x08003400   Section      136  pow.o(.constdata)
    bp                                       0x08003400   Data          16  pow.o(.constdata)
    dp_h                                     0x08003410   Data          16  pow.o(.constdata)
    dp_l                                     0x08003420   Data          16  pow.o(.constdata)
    L                                        0x08003430   Data          48  pow.o(.constdata)
    P                                        0x08003460   Data          40  pow.o(.constdata)
    .constdata                               0x08003488   Section        8  qnan.o(.constdata)
    .data                                    0x20000000   Section       48  main.o(.data)
    .data                                    0x20000030   Section       20  system_stm32f4xx.o(.data)
    .data                                    0x20000044   Section       16  stm32f4xx_rcc.o(.data)
    APBAHBPrescTable                         0x20000044   Data          16  stm32f4xx_rcc.o(.data)
    .data                                    0x20000054   Section        4  delay.o(.data)
    fac_us                                   0x20000054   Data           1  delay.o(.data)
    fac_ms                                   0x20000056   Data           2  delay.o(.data)
    .data                                    0x20000058   Section       44  hmc5883l.o(.data)
    .data                                    0x20000084   Section        2  ioi2c.o(.data)
    .data                                    0x20000086   Section       32  mpu6050.o(.data)
    .data                                    0x200000a8   Section       48  ms5611.o(.data)
    .data                                    0x200000d8   Section        4  errno.o(.data)
    _errno                                   0x200000d8   Data           4  errno.o(.data)
    .bss                                     0x200000dc   Section       24  main.o(.bss)
    .bss                                     0x200000f4   Section       82  hmc5883l.o(.bss)
    .bss                                     0x20000148   Section      164  mpu6050.o(.bss)
    .bss                                     0x200001ec   Section       28  ms5611.o(.bss)
    STACK                                    0x20000208   Section     1024  startup_stm32f40_41xxx.o(STACK)

    Global Symbols

    Symbol Name                              Value     Ov Type        Size  Object(Section)

    BuildAttributes$$THM_ISAv4$E$P$D$K$B$S$7EM$VFPi3$EXTD16$VFPS$VFMA$PE$A:L22UL41UL21$X:L11$S22US41US21$IEEE1$IW$USESV6$~STKCKD$USESV7$~SHL$OTIME$ROPI$IEEEX$EBA8$MICROLIB$REQ8$PRES8$EABIv2 0x00000000   Number         0  anon$$obj.o ABSOLUTE
    __ARM_use_no_argv                        0x00000000   Number         0  main.o ABSOLUTE
    __cpp_initialize__aeabi_                  - Undefined Weak Reference
    __cxa_finalize                            - Undefined Weak Reference
    __decompress                              - Undefined Weak Reference
    _clock_init                               - Undefined Weak Reference
    _microlib_exit                            - Undefined Weak Reference
    __Vectors_Size                           0x00000188   Number         0  startup_stm32f40_41xxx.o ABSOLUTE
    __Vectors                                0x08000000   Data           4  startup_stm32f40_41xxx.o(RESET)
    __Vectors_End                            0x08000188   Data           0  startup_stm32f40_41xxx.o(RESET)
    __main                                   0x08000189   Thumb Code     0  entry.o(.ARM.Collect$$$$00000000)
    _main_stk                                0x08000189   Thumb Code     0  entry2.o(.ARM.Collect$$$$00000001)
    _main_scatterload                        0x0800018d   Thumb Code     0  entry5.o(.ARM.Collect$$$$00000004)
    __main_after_scatterload                 0x08000191   Thumb Code     0  entry5.o(.ARM.Collect$$$$00000004)
    _main_clock                              0x08000191   Thumb Code     0  entry7b.o(.ARM.Collect$$$$00000008)
    _main_cpp_init                           0x08000191   Thumb Code     0  entry8b.o(.ARM.Collect$$$$0000000A)
    _main_init                               0x08000191   Thumb Code     0  entry9a.o(.ARM.Collect$$$$0000000B)
    __rt_final_cpp                           0x08000199   Thumb Code     0  entry10a.o(.ARM.Collect$$$$0000000D)
    __rt_final_exit                          0x08000199   Thumb Code     0  entry11a.o(.ARM.Collect$$$$0000000F)
    Initial_System_Timer                     0x0800019d   Thumb Code    60  main.o(.text)
    LPF                                      0x080001d9   Thumb Code   110  main.o(.text)
    main                                     0x08000247   Thumb Code   326  main.o(.text)
    NMI_Handler                              0x080003bd   Thumb Code     2  stm32f4xx_it.o(.text)
    HardFault_Handler                        0x080003bf   Thumb Code     2  stm32f4xx_it.o(.text)
    MemManage_Handler                        0x080003c1   Thumb Code     2  stm32f4xx_it.o(.text)
    BusFault_Handler                         0x080003c3   Thumb Code     2  stm32f4xx_it.o(.text)
    UsageFault_Handler                       0x080003c5   Thumb Code     2  stm32f4xx_it.o(.text)
    SVC_Handler                              0x080003c7   Thumb Code     2  stm32f4xx_it.o(.text)
    DebugMon_Handler                         0x080003c9   Thumb Code     2  stm32f4xx_it.o(.text)
    PendSV_Handler                           0x080003cb   Thumb Code     2  stm32f4xx_it.o(.text)
    SysTick_Handler                          0x080003cd   Thumb Code     2  stm32f4xx_it.o(.text)
    SystemInit                               0x08000473   Thumb Code    74  system_stm32f4xx.o(.text)
    SystemCoreClockUpdate                    0x080004bd   Thumb Code   108  system_stm32f4xx.o(.text)
    Reset_Handler                            0x0800054d   Thumb Code     8  startup_stm32f40_41xxx.o(.text)
    ADC_IRQHandler                           0x08000567   Thumb Code     0  startup_stm32f40_41xxx.o(.text)
    CAN1_RX0_IRQHandler                      0x08000567   Thumb Code     0  startup_stm32f40_41xxx.o(.text)
    CAN1_RX1_IRQHandler                      0x08000567   Thumb Code     0  startup_stm32f40_41xxx.o(.text)
    CAN1_SCE_IRQHandler                      0x08000567   Thumb Code     0  startup_stm32f40_41xxx.o(.text)
    CAN1_TX_IRQHandler                       0x08000567   Thumb Code     0  startup_stm32f40_41xxx.o(.text)
    CAN2_RX0_IRQHandler                      0x08000567   Thumb Code     0  startup_stm32f40_41xxx.o(.text)
    CAN2_RX1_IRQHandler                      0x08000567   Thumb Code     0  startup_stm32f40_41xxx.o(.text)
    CAN2_SCE_IRQHandler                      0x08000567   Thumb Code     0  startup_stm32f40_41xxx.o(.text)
    CAN2_TX_IRQHandler                       0x08000567   Thumb Code     0  startup_stm32f40_41xxx.o(.text)
    CRYP_IRQHandler                          0x08000567   Thumb Code     0  startup_stm32f40_41xxx.o(.text)
    DCMI_IRQHandler                          0x08000567   Thumb Code     0  startup_stm32f40_41xxx.o(.text)
    DMA1_Stream0_IRQHandler                  0x08000567   Thumb Code     0  startup_stm32f40_41xxx.o(.text)
    DMA1_Stream1_IRQHandler                  0x08000567   Thumb Code     0  startup_stm32f40_41xxx.o(.text)
    DMA1_Stream2_IRQHandler                  0x08000567   Thumb Code     0  startup_stm32f40_41xxx.o(.text)
    DMA1_Stream3_IRQHandler                  0x08000567   Thumb Code     0  startup_stm32f40_41xxx.o(.text)
    DMA1_Stream4_IRQHandler                  0x08000567   Thumb Code     0  startup_stm32f40_41xxx.o(.text)
    DMA1_Stream5_IRQHandler                  0x08000567   Thumb Code     0  startup_stm32f40_41xxx.o(.text)
    DMA1_Stream6_IRQHandler                  0x08000567   Thumb Code     0  startup_stm32f40_41xxx.o(.text)
    DMA1_Stream7_IRQHandler                  0x08000567   Thumb Code     0  startup_stm32f40_41xxx.o(.text)
    DMA2_Stream0_IRQHandler                  0x08000567   Thumb Code     0  startup_stm32f40_41xxx.o(.text)
    DMA2_Stream1_IRQHandler                  0x08000567   Thumb Code     0  startup_stm32f40_41xxx.o(.text)
    DMA2_Stream2_IRQHandler                  0x08000567   Thumb Code     0  startup_stm32f40_41xxx.o(.text)
    DMA2_Stream3_IRQHandler                  0x08000567   Thumb Code     0  startup_stm32f40_41xxx.o(.text)
    DMA2_Stream4_IRQHandler                  0x08000567   Thumb Code     0  startup_stm32f40_41xxx.o(.text)
    DMA2_Stream5_IRQHandler                  0x08000567   Thumb Code     0  startup_stm32f40_41xxx.o(.text)
    DMA2_Stream6_IRQHandler                  0x08000567   Thumb Code     0  startup_stm32f40_41xxx.o(.text)
    DMA2_Stream7_IRQHandler                  0x08000567   Thumb Code     0  startup_stm32f40_41xxx.o(.text)
    ETH_IRQHandler                           0x08000567   Thumb Code     0  startup_stm32f40_41xxx.o(.text)
    ETH_WKUP_IRQHandler                      0x08000567   Thumb Code     0  startup_stm32f40_41xxx.o(.text)
    EXTI0_IRQHandler                         0x08000567   Thumb Code     0  startup_stm32f40_41xxx.o(.text)
    EXTI15_10_IRQHandler                     0x08000567   Thumb Code     0  startup_stm32f40_41xxx.o(.text)
    EXTI1_IRQHandler                         0x08000567   Thumb Code     0  startup_stm32f40_41xxx.o(.text)
    EXTI2_IRQHandler                         0x08000567   Thumb Code     0  startup_stm32f40_41xxx.o(.text)
    EXTI3_IRQHandler                         0x08000567   Thumb Code     0  startup_stm32f40_41xxx.o(.text)
    EXTI4_IRQHandler                         0x08000567   Thumb Code     0  startup_stm32f40_41xxx.o(.text)
    EXTI9_5_IRQHandler                       0x08000567   Thumb Code     0  startup_stm32f40_41xxx.o(.text)
    FLASH_IRQHandler                         0x08000567   Thumb Code     0  startup_stm32f40_41xxx.o(.text)
    FPU_IRQHandler                           0x08000567   Thumb Code     0  startup_stm32f40_41xxx.o(.text)
    FSMC_IRQHandler                          0x08000567   Thumb Code     0  startup_stm32f40_41xxx.o(.text)
    HASH_RNG_IRQHandler                      0x08000567   Thumb Code     0  startup_stm32f40_41xxx.o(.text)
    I2C1_ER_IRQHandler                       0x08000567   Thumb Code     0  startup_stm32f40_41xxx.o(.text)
    I2C1_EV_IRQHandler                       0x08000567   Thumb Code     0  startup_stm32f40_41xxx.o(.text)
    I2C2_ER_IRQHandler                       0x08000567   Thumb Code     0  startup_stm32f40_41xxx.o(.text)
    I2C2_EV_IRQHandler                       0x08000567   Thumb Code     0  startup_stm32f40_41xxx.o(.text)
    I2C3_ER_IRQHandler                       0x08000567   Thumb Code     0  startup_stm32f40_41xxx.o(.text)
    I2C3_EV_IRQHandler                       0x08000567   Thumb Code     0  startup_stm32f40_41xxx.o(.text)
    OTG_FS_IRQHandler                        0x08000567   Thumb Code     0  startup_stm32f40_41xxx.o(.text)
    OTG_FS_WKUP_IRQHandler                   0x08000567   Thumb Code     0  startup_stm32f40_41xxx.o(.text)
    OTG_HS_EP1_IN_IRQHandler                 0x08000567   Thumb Code     0  startup_stm32f40_41xxx.o(.text)
    OTG_HS_EP1_OUT_IRQHandler                0x08000567   Thumb Code     0  startup_stm32f40_41xxx.o(.text)
    OTG_HS_IRQHandler                        0x08000567   Thumb Code     0  startup_stm32f40_41xxx.o(.text)
    OTG_HS_WKUP_IRQHandler                   0x08000567   Thumb Code     0  startup_stm32f40_41xxx.o(.text)
    PVD_IRQHandler                           0x08000567   Thumb Code     0  startup_stm32f40_41xxx.o(.text)
    RCC_IRQHandler                           0x08000567   Thumb Code     0  startup_stm32f40_41xxx.o(.text)
    RTC_Alarm_IRQHandler                     0x08000567   Thumb Code     0  startup_stm32f40_41xxx.o(.text)
    RTC_WKUP_IRQHandler                      0x08000567   Thumb Code     0  startup_stm32f40_41xxx.o(.text)
    SDIO_IRQHandler                          0x08000567   Thumb Code     0  startup_stm32f40_41xxx.o(.text)
    SPI1_IRQHandler                          0x08000567   Thumb Code     0  startup_stm32f40_41xxx.o(.text)
    SPI2_IRQHandler                          0x08000567   Thumb Code     0  startup_stm32f40_41xxx.o(.text)
    SPI3_IRQHandler                          0x08000567   Thumb Code     0  startup_stm32f40_41xxx.o(.text)
    TAMP_STAMP_IRQHandler                    0x08000567   Thumb Code     0  startup_stm32f40_41xxx.o(.text)
    TIM1_BRK_TIM9_IRQHandler                 0x08000567   Thumb Code     0  startup_stm32f40_41xxx.o(.text)
    TIM1_CC_IRQHandler                       0x08000567   Thumb Code     0  startup_stm32f40_41xxx.o(.text)
    TIM1_TRG_COM_TIM11_IRQHandler            0x08000567   Thumb Code     0  startup_stm32f40_41xxx.o(.text)
    TIM1_UP_TIM10_IRQHandler                 0x08000567   Thumb Code     0  startup_stm32f40_41xxx.o(.text)
    TIM2_IRQHandler                          0x08000567   Thumb Code     0  startup_stm32f40_41xxx.o(.text)
    TIM3_IRQHandler                          0x08000567   Thumb Code     0  startup_stm32f40_41xxx.o(.text)
    TIM4_IRQHandler                          0x08000567   Thumb Code     0  startup_stm32f40_41xxx.o(.text)
    TIM5_IRQHandler                          0x08000567   Thumb Code     0  startup_stm32f40_41xxx.o(.text)
    TIM6_DAC_IRQHandler                      0x08000567   Thumb Code     0  startup_stm32f40_41xxx.o(.text)
    TIM7_IRQHandler                          0x08000567   Thumb Code     0  startup_stm32f40_41xxx.o(.text)
    TIM8_BRK_TIM12_IRQHandler                0x08000567   Thumb Code     0  startup_stm32f40_41xxx.o(.text)
    TIM8_CC_IRQHandler                       0x08000567   Thumb Code     0  startup_stm32f40_41xxx.o(.text)
    TIM8_TRG_COM_TIM14_IRQHandler            0x08000567   Thumb Code     0  startup_stm32f40_41xxx.o(.text)
    TIM8_UP_TIM13_IRQHandler                 0x08000567   Thumb Code     0  startup_stm32f40_41xxx.o(.text)
    UART4_IRQHandler                         0x08000567   Thumb Code     0  startup_stm32f40_41xxx.o(.text)
    UART5_IRQHandler                         0x08000567   Thumb Code     0  startup_stm32f40_41xxx.o(.text)
    USART1_IRQHandler                        0x08000567   Thumb Code     0  startup_stm32f40_41xxx.o(.text)
    USART2_IRQHandler                        0x08000567   Thumb Code     0  startup_stm32f40_41xxx.o(.text)
    USART3_IRQHandler                        0x08000567   Thumb Code     0  startup_stm32f40_41xxx.o(.text)
    USART6_IRQHandler                        0x08000567   Thumb Code     0  startup_stm32f40_41xxx.o(.text)
    WWDG_IRQHandler                          0x08000567   Thumb Code     0  startup_stm32f40_41xxx.o(.text)
    NVIC_PriorityGroupConfig                 0x08000571   Thumb Code    10  misc.o(.text)
    NVIC_Init                                0x0800057b   Thumb Code    96  misc.o(.text)
    NVIC_SetVectorTable                      0x080005db   Thumb Code    14  misc.o(.text)
    NVIC_SystemLPConfig                      0x080005e9   Thumb Code    20  misc.o(.text)
    SysTick_CLKSourceConfig                  0x080005fd   Thumb Code    24  misc.o(.text)
    GPIO_DeInit                              0x08000621   Thumb Code   216  stm32f4xx_gpio.o(.text)
    GPIO_Init                                0x080006f9   Thumb Code   120  stm32f4xx_gpio.o(.text)
    GPIO_StructInit                          0x08000771   Thumb Code    18  stm32f4xx_gpio.o(.text)
    GPIO_PinLockConfig                       0x08000783   Thumb Code    24  stm32f4xx_gpio.o(.text)
    GPIO_ReadInputDataBit                    0x0800079b   Thumb Code    14  stm32f4xx_gpio.o(.text)
    GPIO_ReadInputData                       0x080007a9   Thumb Code     6  stm32f4xx_gpio.o(.text)
    GPIO_ReadOutputDataBit                   0x080007af   Thumb Code    14  stm32f4xx_gpio.o(.text)
    GPIO_ReadOutputData                      0x080007bd   Thumb Code     6  stm32f4xx_gpio.o(.text)
    GPIO_SetBits                             0x080007c3   Thumb Code     4  stm32f4xx_gpio.o(.text)
    GPIO_ResetBits                           0x080007c7   Thumb Code     4  stm32f4xx_gpio.o(.text)
    GPIO_WriteBit                            0x080007cb   Thumb Code    10  stm32f4xx_gpio.o(.text)
    GPIO_Write                               0x080007d5   Thumb Code     4  stm32f4xx_gpio.o(.text)
    GPIO_ToggleBits                          0x080007d9   Thumb Code     8  stm32f4xx_gpio.o(.text)
    GPIO_PinAFConfig                         0x080007e1   Thumb Code    32  stm32f4xx_gpio.o(.text)
    RCC_DeInit                               0x0800082d   Thumb Code    68  stm32f4xx_rcc.o(.text)
    RCC_HSEConfig                            0x08000871   Thumb Code    12  stm32f4xx_rcc.o(.text)
    RCC_GetFlagStatus                        0x0800087d   Thumb Code    46  stm32f4xx_rcc.o(.text)
    RCC_WaitForHSEStartUp                    0x080008ab   Thumb Code    44  stm32f4xx_rcc.o(.text)
    RCC_AdjustHSICalibrationValue            0x080008d7   Thumb Code    16  stm32f4xx_rcc.o(.text)
    RCC_HSICmd                               0x080008e7   Thumb Code     6  stm32f4xx_rcc.o(.text)
    RCC_LSEConfig                            0x080008ed   Thumb Code    24  stm32f4xx_rcc.o(.text)
    RCC_LSICmd                               0x08000905   Thumb Code     6  stm32f4xx_rcc.o(.text)
    RCC_PLLConfig                            0x0800090b   Thumb Code    32  stm32f4xx_rcc.o(.text)
    RCC_PLLCmd                               0x0800092b   Thumb Code     6  stm32f4xx_rcc.o(.text)
    RCC_PLLI2SConfig                         0x08000931   Thumb Code    14  stm32f4xx_rcc.o(.text)
    RCC_PLLI2SCmd                            0x0800093f   Thumb Code     6  stm32f4xx_rcc.o(.text)
    RCC_PLLSAIConfig                         0x08000945   Thumb Code    18  stm32f4xx_rcc.o(.text)
    RCC_PLLSAICmd                            0x08000957   Thumb Code     6  stm32f4xx_rcc.o(.text)
    RCC_ClockSecuritySystemCmd               0x0800095d   Thumb Code     6  stm32f4xx_rcc.o(.text)
    RCC_MCO1Config                           0x08000963   Thumb Code    18  stm32f4xx_rcc.o(.text)
    RCC_MCO2Config                           0x08000975   Thumb Code    18  stm32f4xx_rcc.o(.text)
    RCC_SYSCLKConfig                         0x08000987   Thumb Code    16  stm32f4xx_rcc.o(.text)
    RCC_GetSYSCLKSource                      0x08000997   Thumb Code    12  stm32f4xx_rcc.o(.text)
    RCC_HCLKConfig                           0x080009a3   Thumb Code    16  stm32f4xx_rcc.o(.text)
    RCC_PCLK1Config                          0x080009b3   Thumb Code    16  stm32f4xx_rcc.o(.text)
    RCC_PCLK2Config                          0x080009c3   Thumb Code    18  stm32f4xx_rcc.o(.text)
    RCC_GetClocksFreq                        0x080009d5   Thumb Code   134  stm32f4xx_rcc.o(.text)
    RCC_RTCCLKConfig                         0x08000a5b   Thumb Code    42  stm32f4xx_rcc.o(.text)
    RCC_RTCCLKCmd                            0x08000a85   Thumb Code     8  stm32f4xx_rcc.o(.text)
    RCC_BackupResetCmd                       0x08000a8d   Thumb Code     8  stm32f4xx_rcc.o(.text)
    RCC_I2SCLKConfig                         0x08000a95   Thumb Code     8  stm32f4xx_rcc.o(.text)
    RCC_SAIPLLI2SClkDivConfig                0x08000a9d   Thumb Code    18  stm32f4xx_rcc.o(.text)
    RCC_SAIPLLSAIClkDivConfig                0x08000aaf   Thumb Code    24  stm32f4xx_rcc.o(.text)
    RCC_SAIBlockACLKConfig                   0x08000ac7   Thumb Code    16  stm32f4xx_rcc.o(.text)
    RCC_SAIBlockBCLKConfig                   0x08000ad7   Thumb Code    16  stm32f4xx_rcc.o(.text)
    RCC_LTDCCLKDivConfig                     0x08000ae7   Thumb Code    16  stm32f4xx_rcc.o(.text)
    RCC_TIMCLKPresConfig                     0x08000af7   Thumb Code     8  stm32f4xx_rcc.o(.text)
    RCC_AHB1PeriphClockCmd                   0x08000aff   Thumb Code    20  stm32f4xx_rcc.o(.text)
    RCC_AHB2PeriphClockCmd                   0x08000b13   Thumb Code    20  stm32f4xx_rcc.o(.text)
    RCC_AHB3PeriphClockCmd                   0x08000b27   Thumb Code    20  stm32f4xx_rcc.o(.text)
    RCC_APB1PeriphClockCmd                   0x08000b3b   Thumb Code    20  stm32f4xx_rcc.o(.text)
    RCC_APB2PeriphClockCmd                   0x08000b4f   Thumb Code    20  stm32f4xx_rcc.o(.text)
    RCC_AHB1PeriphResetCmd                   0x08000b63   Thumb Code    20  stm32f4xx_rcc.o(.text)
    RCC_AHB2PeriphResetCmd                   0x08000b77   Thumb Code    20  stm32f4xx_rcc.o(.text)
    RCC_AHB3PeriphResetCmd                   0x08000b8b   Thumb Code    20  stm32f4xx_rcc.o(.text)
    RCC_APB1PeriphResetCmd                   0x08000b9f   Thumb Code    20  stm32f4xx_rcc.o(.text)
    RCC_APB2PeriphResetCmd                   0x08000bb3   Thumb Code    20  stm32f4xx_rcc.o(.text)
    RCC_AHB1PeriphClockLPModeCmd             0x08000bc7   Thumb Code    20  stm32f4xx_rcc.o(.text)
    RCC_AHB2PeriphClockLPModeCmd             0x08000bdb   Thumb Code    20  stm32f4xx_rcc.o(.text)
    RCC_AHB3PeriphClockLPModeCmd             0x08000bef   Thumb Code    20  stm32f4xx_rcc.o(.text)
    RCC_APB1PeriphClockLPModeCmd             0x08000c03   Thumb Code    64  stm32f4xx_rcc.o(.text)
    RCC_APB2PeriphClockLPModeCmd             0x08000c43   Thumb Code    18  stm32f4xx_rcc.o(.text)
    RCC_LSEModeConfig                        0x08000c55   Thumb Code    24  stm32f4xx_rcc.o(.text)
    RCC_ITConfig                             0x08000c6d   Thumb Code    20  stm32f4xx_rcc.o(.text)
    RCC_ClearFlag                            0x08000c81   Thumb Code    14  stm32f4xx_rcc.o(.text)
    RCC_GetITStatus                          0x08000c8f   Thumb Code    18  stm32f4xx_rcc.o(.text)
    RCC_ClearITPendingBit                    0x08000ca1   Thumb Code     8  stm32f4xx_rcc.o(.text)
    delay_init                               0x08000cad   Thumb Code    38  delay.o(.text)
    delay_us                                 0x08000cd3   Thumb Code    46  delay.o(.text)
    delay_xms                                0x08000d01   Thumb Code    46  delay.o(.text)
    delay_ms                                 0x08000d2f   Thumb Code    50  delay.o(.text)
    hmc5883_iic_config                       0x08000d65   Thumb Code    82  hmc5883l.o(.text)
    HMC5883_IS_newdata                       0x08000db7   Thumb Code    20  hmc5883l.o(.text)
    HMC58X3_newValues                        0x08000dcb   Thumb Code   194  hmc5883l.o(.text)
    HMC58X3_getRaw                           0x08000e8d   Thumb Code    84  hmc5883l.o(.text)
    HMC58X3_FIFO_init                        0x08000ee1   Thumb Code    32  hmc5883l.o(.text)
    HMC58X3_writeReg                         0x08000f01   Thumb Code    12  hmc5883l.o(.text)
    HMC58X3_getlastValues                    0x08000f0d   Thumb Code    22  hmc5883l.o(.text)
    HMC58X3_mgetValues                       0x08000f23   Thumb Code   120  hmc5883l.o(.text)
    HMC58X3_setGain                          0x08000f9b   Thumb Code    14  hmc5883l.o(.text)
    HMC58X3_setMode                          0x08000fa9   Thumb Code    26  hmc5883l.o(.text)
    HMC58X3_init                             0x08000fc3   Thumb Code    36  hmc5883l.o(.text)
    HMC58X3_setDOR                           0x08000fe7   Thumb Code    14  hmc5883l.o(.text)
    HMC58X3_getID                            0x08000ff5   Thumb Code    42  hmc5883l.o(.text)
    HMC5883L_SetUp                           0x0800101f   Thumb Code    26  hmc5883l.o(.text)
    HMC5883L_Start_Calib                     0x08001039   Thumb Code    22  hmc5883l.o(.text)
    Math_Constrain                           0x08001061   Thumb Code    16  fmath.o(.text)
    Math_fConstrain                          0x08001071   Thumb Code    32  fmath.o(.text)
    Math_abs                                 0x08001091   Thumb Code    12  fmath.o(.text)
    Math_min                                 0x0800109d   Thumb Code     8  fmath.o(.text)
    Math_max                                 0x080010a5   Thumb Code     8  fmath.o(.text)
    Get_Yaw_Error                            0x080010ad   Thumb Code    48  fmath.o(.text)
    configure_pin_output                     0x080010e5   Thumb Code    24  ioi2c.o(.text)
    configure_pin_input                      0x080010fd   Thumb Code    18  ioi2c.o(.text)
    read_sda_input                           0x0800110f   Thumb Code    12  ioi2c.o(.text)
    IIC_Start                                0x0800111b   Thumb Code    76  ioi2c.o(.text)
    IIC_Stop                                 0x08001167   Thumb Code    68  ioi2c.o(.text)
    IIC_Wait_Ack                             0x080011ab   Thumb Code   100  ioi2c.o(.text)
    IIC_Ack                                  0x0800120f   Thumb Code    66  ioi2c.o(.text)
    IIC_NAck                                 0x08001251   Thumb Code    66  ioi2c.o(.text)
    IIC_Send_Byte                            0x08001293   Thumb Code   104  ioi2c.o(.text)
    IIC_Read_Byte                            0x080012fb   Thumb Code   106  ioi2c.o(.text)
    I2C_ReadOneByte                          0x08001365   Thumb Code    84  ioi2c.o(.text)
    IICreadBytes                             0x080013b9   Thumb Code   114  ioi2c.o(.text)
    IICwriteBytes                            0x0800142b   Thumb Code    88  ioi2c.o(.text)
    IICreadByte                              0x08001483   Thumb Code    16  ioi2c.o(.text)
    IICwriteByte                             0x08001493   Thumb Code    18  ioi2c.o(.text)
    IICwriteBits                             0x080014a5   Thumb Code    90  ioi2c.o(.text)
    IICwriteBit                              0x080014ff   Thumb Code    56  ioi2c.o(.text)
    mpu6050_iic_config                       0x0800153d   Thumb Code    82  mpu6050.o(.text)
    MPU6050_getAvg                           0x0800158f   Thumb Code    28  mpu6050.o(.text)
    MPU6050_setClockSource                   0x080015ab   Thumb Code    22  mpu6050.o(.text)
    MPU6050_setFullScaleGyroRange            0x080015c1   Thumb Code    22  mpu6050.o(.text)
    MPU6050_setFullScaleAccelRange           0x080015d7   Thumb Code    22  mpu6050.o(.text)
    MPU6050_setSleepEnabled                  0x080015ed   Thumb Code    20  mpu6050.o(.text)
    MPU6050_getDeviceID                      0x08001601   Thumb Code    28  mpu6050.o(.text)
    MPU6050_testConnection                   0x0800161d   Thumb Code    18  mpu6050.o(.text)
    MPU6050_setI2CMasterModeEnabled          0x0800162f   Thumb Code    20  mpu6050.o(.text)
    MPU6050_setI2CBypassEnabled              0x08001643   Thumb Code    20  mpu6050.o(.text)
    MPU6050_newValues                        0x08001657   Thumb Code   298  mpu6050.o(.text)
    MPU6050_is_DRY                           0x08001781   Thumb Code     4  mpu6050.o(.text)
    MPU6050_getMotion6                       0x08001785   Thumb Code   168  mpu6050.o(.text)
    MPU6050_initialize                       0x0800182d   Thumb Code   174  mpu6050.o(.text)
    ms5611_iic_config                        0x080018e9   Thumb Code    80  ms5611.o(.text)
    readRegister16                           0x08001939   Thumb Code    32  ms5611.o(.text)
    readPROM                                 0x08001959   Thumb Code    34  ms5611.o(.text)
    setOversampling                          0x0800197b   Thumb Code    44  ms5611.o(.text)
    ms5611WriteByte                          0x080019a7   Thumb Code    12  ms5611.o(.text)
    reset                                    0x080019b3   Thumb Code     4  ms5611.o(.text)
    begin                                    0x080019b7   Thumb Code    26  ms5611.o(.text)
    getAltitude                              0x080019d1   Thumb Code    60  ms5611.o(.text)
    readPressure                             0x08001a0d   Thumb Code   328  ms5611.o(.text)
    readRegister24                           0x08001b55   Thumb Code    40  ms5611.o(.text)
    readRawPressure                          0x08001b7d   Thumb Code     4  ms5611.o(.text)
    readTemperature                          0x08001b81   Thumb Code   108  ms5611.o(.text)
    readRawTemperature                       0x08001bed   Thumb Code     4  ms5611.o(.text)
    update_baro                              0x08001bf1   Thumb Code   372  ms5611.o(.text)
    getOversampling                          0x08001d65   Thumb Code     6  ms5611.o(.text)
    getSeaLevel                              0x08001d6b   Thumb Code    76  ms5611.o(.text)
    __aeabi_ldivmod                          0x08001dc5   Thumb Code    98  ldiv.o(.text)
    __aeabi_dadd                             0x08001e27   Thumb Code   322  dadd.o(.text)
    __aeabi_dsub                             0x08001f69   Thumb Code     6  dadd.o(.text)
    __aeabi_drsub                            0x08001f6f   Thumb Code     6  dadd.o(.text)
    __aeabi_dmul                             0x08001f75   Thumb Code   228  dmul.o(.text)
    __aeabi_ddiv                             0x08002059   Thumb Code   222  ddiv.o(.text)
    __aeabi_i2d                              0x08002137   Thumb Code    34  dflti.o(.text)
    __aeabi_ui2d                             0x08002159   Thumb Code    26  dfltui.o(.text)
    __aeabi_d2iz                             0x08002173   Thumb Code    62  dfixi.o(.text)
    __aeabi_f2d                              0x080021b1   Thumb Code    38  f2d.o(.text)
    __aeabi_cdrcmple                         0x080021d9   Thumb Code    48  cdrcmple.o(.text)
    __aeabi_d2f                              0x08002209   Thumb Code    56  d2f.o(.text)
    __aeabi_uldivmod                         0x08002241   Thumb Code    98  uldiv.o(.text)
    __aeabi_llsl                             0x080022a3   Thumb Code    30  llshl.o(.text)
    _ll_shift_l                              0x080022a3   Thumb Code     0  llshl.o(.text)
    __aeabi_llsr                             0x080022c1   Thumb Code    32  llushr.o(.text)
    _ll_ushift_r                             0x080022c1   Thumb Code     0  llushr.o(.text)
    __aeabi_lasr                             0x080022e1   Thumb Code    36  llsshr.o(.text)
    _ll_sshift_r                             0x080022e1   Thumb Code     0  llsshr.o(.text)
    __I$use$fp                               0x08002305   Thumb Code     0  iusefp.o(.text)
    _float_round                             0x08002305   Thumb Code    18  fepilogue.o(.text)
    _float_epilogue                          0x08002317   Thumb Code    92  fepilogue.o(.text)
    _double_round                            0x08002373   Thumb Code    30  depilogue.o(.text)
    _double_epilogue                         0x08002391   Thumb Code   156  depilogue.o(.text)
    __ARM_scalbn                             0x0800242d   Thumb Code    46  dscalb.o(.text)
    scalbn                                   0x0800242d   Thumb Code     0  dscalb.o(.text)
    __scatterload                            0x0800245d   Thumb Code    28  init.o(.text)
    __scatterload_rt2                        0x0800245d   Thumb Code     0  init.o(.text)
    _dsqrt                                   0x08002481   Thumb Code   162  dsqrt.o(.text)
    __ARM_fpclassify                         0x08002523   Thumb Code    48  fpclassify.o(i.__ARM_fpclassify)
    __hardfp_pow                             0x08002559   Thumb Code  3072  pow.o(i.__hardfp_pow)
    __kernel_poly                            0x080031a9   Thumb Code   248  poly.o(i.__kernel_poly)
    __mathlib_dbl_divzero                    0x080032a1   Thumb Code    28  dunder.o(i.__mathlib_dbl_divzero)
    __mathlib_dbl_infnan2                    0x080032d1   Thumb Code    20  dunder.o(i.__mathlib_dbl_infnan2)
    __mathlib_dbl_invalid                    0x080032e9   Thumb Code    24  dunder.o(i.__mathlib_dbl_invalid)
    __mathlib_dbl_overflow                   0x08003309   Thumb Code    24  dunder.o(i.__mathlib_dbl_overflow)
    __mathlib_dbl_underflow                  0x08003329   Thumb Code    24  dunder.o(i.__mathlib_dbl_underflow)
    __scatterload_copy                       0x08003349   Thumb Code    14  handlers.o(i.__scatterload_copy)
    __scatterload_null                       0x08003357   Thumb Code     2  handlers.o(i.__scatterload_null)
    __scatterload_zeroinit                   0x08003359   Thumb Code    14  handlers.o(i.__scatterload_zeroinit)
    __set_errno                              0x08003369   Thumb Code     6  errno.o(i.__set_errno)
    fabs                                     0x08003375   Thumb Code    24  fabs.o(i.fabs)
    sqrt                                     0x0800338d   Thumb Code   110  sqrt.o(i.sqrt)
    __mathlib_zero                           0x08003488   Data           8  qnan.o(.constdata)
    Region$$Table$$Base                      0x08003490   Number         0  anon$$obj.o(Region$$Table)
    Region$$Table$$Limit                     0x080034b0   Number         0  anon$$obj.o(Region$$Table)
    cut_off                                  0x20000000   Data           4  main.o(.data)
    ms5611_temperature                       0x20000004   Data           4  main.o(.data)
    realPressure                             0x20000008   Data           4  main.o(.data)
    ms5611_alt_temp                          0x2000000c   Data           4  main.o(.data)
    fil_comple_alt                           0x20000010   Data           4  main.o(.data)
    fil_lpf_alt                              0x20000014   Data           4  main.o(.data)
    EstAlt                                   0x20000018   Data           4  main.o(.data)
    referencePressure                        0x20000020   Data           8  main.o(.data)
    dt                                       0x20000028   Data           8  main.o(.data)
    SystemCoreClock                          0x20000030   Data           4  system_stm32f4xx.o(.data)
    AHBPrescTable                            0x20000034   Data          16  system_stm32f4xx.o(.data)
    HMC5883_calib                            0x20000058   Data           1  hmc5883l.o(.data)
    HMC5883_Buf_index                        0x20000059   Data           1  hmc5883l.o(.data)
    HMC5883_Offset_X                         0x2000005a   Data           2  hmc5883l.o(.data)
    HMC5883_Offset_Y                         0x2000005c   Data           2  hmc5883l.o(.data)
    HMC5883_Offset_Z                         0x2000005e   Data           2  hmc5883l.o(.data)
    HMC5883_maxx                             0x20000060   Data           2  hmc5883l.o(.data)
    HMC5883_maxy                             0x20000062   Data           2  hmc5883l.o(.data)
    HMC5883_maxz                             0x20000064   Data           2  hmc5883l.o(.data)
    HMC5883_minx                             0x20000066   Data           2  hmc5883l.o(.data)
    HMC5883_miny                             0x20000068   Data           2  hmc5883l.o(.data)
    HMC5883_minz                             0x2000006a   Data           2  hmc5883l.o(.data)
    HMC5883_Scale_X                          0x2000006c   Data           4  hmc5883l.o(.data)
    HMC5883_Scale_Y                          0x20000070   Data           4  hmc5883l.o(.data)
    HMC5883_Scale_Z                          0x20000074   Data           4  hmc5883l.o(.data)
    HMC5883_lastx                            0x20000078   Data           4  hmc5883l.o(.data)
    HMC5883_lasty                            0x2000007c   Data           4  hmc5883l.o(.data)
    HMC5883_lastz                            0x20000080   Data           4  hmc5883l.o(.data)
    I2C_Erorr_Count                          0x20000084   Data           2  ioi2c.o(.data)
    Buf_index                                0x20000086   Data           1  mpu6050.o(.data)
    Gx_offset                                0x20000088   Data           2  mpu6050.o(.data)
    Gy_offset                                0x2000008a   Data           2  mpu6050.o(.data)
    Gz_offset                                0x2000008c   Data           2  mpu6050.o(.data)
    MPU6050_Lastax                           0x2000008e   Data           2  mpu6050.o(.data)
    MPU6050_Lastay                           0x20000090   Data           2  mpu6050.o(.data)
    MPU6050_Lastaz                           0x20000092   Data           2  mpu6050.o(.data)
    MPU6050_Lastgx                           0x20000094   Data           2  mpu6050.o(.data)
    MPU6050_Lastgy                           0x20000096   Data           2  mpu6050.o(.data)
    MPU6050_Lastgz                           0x20000098   Data           2  mpu6050.o(.data)
    Gyro_ADC                                 0x2000009a   Data           6  mpu6050.o(.data)
    ACC_ADC                                  0x200000a0   Data           6  mpu6050.o(.data)
    ct                                       0x200000a8   Data           1  ms5611.o(.data)
    uosr                                     0x200000a9   Data           1  ms5611.o(.data)
    pressureState                            0x200000ac   Data           4  ms5611.o(.data)
    TEMP2                                    0x200000b0   Data           4  ms5611.o(.data)
    timer                                    0x200000b4   Data           4  ms5611.o(.data)
    timer1                                   0x200000b8   Data           4  ms5611.o(.data)
    ut                                       0x200000bc   Data           4  ms5611.o(.data)
    up                                       0x200000c0   Data           4  ms5611.o(.data)
    OFF2                                     0x200000c8   Data           8  ms5611.o(.data)
    SENS2                                    0x200000d0   Data           8  ms5611.o(.data)
    IMU_values                               0x200000dc   Data          12  main.o(.bss)
    hmc_data                                 0x200000e8   Data          12  main.o(.bss)
    hmc5883_iic                              0x200000f4   Data          16  hmc5883l.o(.bss)
    HMC5883_FIFO                             0x20000104   Data          66  hmc5883l.o(.bss)
    buffer                                   0x20000148   Data          14  mpu6050.o(.bss)
    MPU6050_FIFO                             0x20000156   Data         132  mpu6050.o(.bss)
    mpu6050_iic                              0x200001dc   Data          16  mpu6050.o(.bss)
    fc                                       0x200001ec   Data          12  ms5611.o(.bss)
    ms5611_iic                               0x200001f8   Data          16  ms5611.o(.bss)
    __initial_sp                             0x20000608   Data           0  startup_stm32f40_41xxx.o(STACK)



==============================================================================

Memory Map of the image

  Image Entry point : 0x08000189

  Load Region LR_IROM1 (Base: 0x08000000, Size: 0x0000358c, Max: 0x00100000, ABSOLUTE)

    Execution Region ER_IROM1 (Exec base: 0x08000000, Load base: 0x08000000, Size: 0x000034b0, Max: 0x00100000, ABSOLUTE)

    Exec Addr    Load Addr    Size         Type   Attr      Idx    E Section Name        Object

    0x08000000   0x08000000   0x00000188   Data   RO          321    RESET               startup_stm32f40_41xxx.o
    0x08000188   0x08000188   0x00000000   Code   RO          958  * .ARM.Collect$$$$00000000  mc_w.l(entry.o)
    0x08000188   0x08000188   0x00000004   Code   RO         1018    .ARM.Collect$$$$00000001  mc_w.l(entry2.o)
    0x0800018c   0x0800018c   0x00000004   Code   RO         1021    .ARM.Collect$$$$00000004  mc_w.l(entry5.o)
    0x08000190   0x08000190   0x00000000   Code   RO         1023    .ARM.Collect$$$$00000008  mc_w.l(entry7b.o)
    0x08000190   0x08000190   0x00000000   Code   RO         1025    .ARM.Collect$$$$0000000A  mc_w.l(entry8b.o)
    0x08000190   0x08000190   0x00000008   Code   RO         1026    .ARM.Collect$$$$0000000B  mc_w.l(entry9a.o)
    0x08000198   0x08000198   0x00000000   Code   RO         1028    .ARM.Collect$$$$0000000D  mc_w.l(entry10a.o)
    0x08000198   0x08000198   0x00000000   Code   RO         1030    .ARM.Collect$$$$0000000F  mc_w.l(entry11a.o)
    0x08000198   0x08000198   0x00000004   Code   RO         1019    .ARM.Collect$$$$00002712  mc_w.l(entry2.o)
    0x0800019c   0x0800019c   0x00000220   Code   RO            3    .text               main.o
    0x080003bc   0x080003bc   0x00000012   Code   RO          171    .text               stm32f4xx_it.o
    0x080003ce   0x080003ce   0x00000002   PAD
    0x080003d0   0x080003d0   0x0000017c   Code   RO          295    .text               system_stm32f4xx.o
    0x0800054c   0x0800054c   0x00000024   Code   RO          322    .text               startup_stm32f40_41xxx.o
    0x08000570   0x08000570   0x000000b0   Code   RO          328    .text               misc.o
    0x08000620   0x08000620   0x0000020c   Code   RO          524    .text               stm32f4xx_gpio.o
    0x0800082c   0x0800082c   0x00000480   Code   RO          564    .text               stm32f4xx_rcc.o
    0x08000cac   0x08000cac   0x000000b8   Code   RO          708    .text               delay.o
    0x08000d64   0x08000d64   0x000002fc   Code   RO          754    .text               hmc5883l.o
    0x08001060   0x08001060   0x00000084   Code   RO          838    .text               fmath.o
    0x080010e4   0x080010e4   0x00000458   Code   RO          861    .text               ioi2c.o
    0x0800153c   0x0800153c   0x000003ac   Code   RO          888    .text               mpu6050.o
    0x080018e8   0x080018e8   0x000004dc   Code   RO          917    .text               ms5611.o
    0x08001dc4   0x08001dc4   0x00000062   Code   RO          961    .text               mc_w.l(ldiv.o)
    0x08001e26   0x08001e26   0x0000014e   Code   RO          963    .text               mf_w.l(dadd.o)
    0x08001f74   0x08001f74   0x000000e4   Code   RO          965    .text               mf_w.l(dmul.o)
    0x08002058   0x08002058   0x000000de   Code   RO          967    .text               mf_w.l(ddiv.o)
    0x08002136   0x08002136   0x00000022   Code   RO          969    .text               mf_w.l(dflti.o)
    0x08002158   0x08002158   0x0000001a   Code   RO          971    .text               mf_w.l(dfltui.o)
    0x08002172   0x08002172   0x0000003e   Code   RO          973    .text               mf_w.l(dfixi.o)
    0x080021b0   0x080021b0   0x00000026   Code   RO          975    .text               mf_w.l(f2d.o)
    0x080021d6   0x080021d6   0x00000002   PAD
    0x080021d8   0x080021d8   0x00000030   Code   RO          977    .text               mf_w.l(cdrcmple.o)
    0x08002208   0x08002208   0x00000038   Code   RO          979    .text               mf_w.l(d2f.o)
    0x08002240   0x08002240   0x00000062   Code   RO         1032    .text               mc_w.l(uldiv.o)
    0x080022a2   0x080022a2   0x0000001e   Code   RO         1034    .text               mc_w.l(llshl.o)
    0x080022c0   0x080022c0   0x00000020   Code   RO         1036    .text               mc_w.l(llushr.o)
    0x080022e0   0x080022e0   0x00000024   Code   RO         1038    .text               mc_w.l(llsshr.o)
    0x08002304   0x08002304   0x00000000   Code   RO         1047    .text               mc_w.l(iusefp.o)
    0x08002304   0x08002304   0x0000006e   Code   RO         1048    .text               mf_w.l(fepilogue.o)
    0x08002372   0x08002372   0x000000ba   Code   RO         1050    .text               mf_w.l(depilogue.o)
    0x0800242c   0x0800242c   0x0000002e   Code   RO         1054    .text               mf_w.l(dscalb.o)
    0x0800245a   0x0800245a   0x00000002   PAD
    0x0800245c   0x0800245c   0x00000024   Code   RO         1056    .text               mc_w.l(init.o)
    0x08002480   0x08002480   0x000000a2   Code   RO         1058    .text               mf_w.l(dsqrt.o)
    0x08002522   0x08002522   0x00000030   Code   RO         1001    i.__ARM_fpclassify  m_wm.l(fpclassify.o)
    0x08002552   0x08002552   0x00000006   PAD
    0x08002558   0x08002558   0x00000c50   Code   RO          944    i.__hardfp_pow      m_wm.l(pow.o)
    0x080031a8   0x080031a8   0x000000f8   Code   RO         1003    i.__kernel_poly     m_wm.l(poly.o)
    0x080032a0   0x080032a0   0x00000030   Code   RO          981    i.__mathlib_dbl_divzero  m_wm.l(dunder.o)
    0x080032d0   0x080032d0   0x00000014   Code   RO          983    i.__mathlib_dbl_infnan2  m_wm.l(dunder.o)
    0x080032e4   0x080032e4   0x00000004   PAD
    0x080032e8   0x080032e8   0x00000020   Code   RO          984    i.__mathlib_dbl_invalid  m_wm.l(dunder.o)
    0x08003308   0x08003308   0x00000020   Code   RO          985    i.__mathlib_dbl_overflow  m_wm.l(dunder.o)
    0x08003328   0x08003328   0x00000020   Code   RO          987    i.__mathlib_dbl_underflow  m_wm.l(dunder.o)
    0x08003348   0x08003348   0x0000000e   Code   RO         1064    i.__scatterload_copy  mc_w.l(handlers.o)
    0x08003356   0x08003356   0x00000002   Code   RO         1065    i.__scatterload_null  mc_w.l(handlers.o)
    0x08003358   0x08003358   0x0000000e   Code   RO         1066    i.__scatterload_zeroinit  mc_w.l(handlers.o)
    0x08003366   0x08003366   0x00000002   PAD
    0x08003368   0x08003368   0x0000000c   Code   RO         1042    i.__set_errno       mc_w.l(errno.o)
    0x08003374   0x08003374   0x00000018   Code   RO          997    i.fabs              m_wm.l(fabs.o)
    0x0800338c   0x0800338c   0x0000006e   Code   RO         1008    i.sqrt              m_wm.l(sqrt.o)
    0x080033fa   0x080033fa   0x00000006   PAD
    0x08003400   0x08003400   0x00000088   Data   RO          947    .constdata          m_wm.l(pow.o)
    0x08003488   0x08003488   0x00000008   Data   RO         1005    .constdata          m_wm.l(qnan.o)
    0x08003490   0x08003490   0x00000020   Data   RO         1062    Region$$Table       anon$$obj.o


    Execution Region RW_IRAM1 (Exec base: 0x20000000, Load base: 0x080034b0, Size: 0x00000608, Max: 0x00020000, ABSOLUTE)

    Exec Addr    Load Addr    Size         Type   Attr      Idx    E Section Name        Object

    0x20000000   0x080034b0   0x00000030   Data   RW            5    .data               main.o
    0x20000030   0x080034e0   0x00000014   Data   RW          296    .data               system_stm32f4xx.o
    0x20000044   0x080034f4   0x00000010   Data   RW          565    .data               stm32f4xx_rcc.o
    0x20000054   0x08003504   0x00000004   Data   RW          709    .data               delay.o
    0x20000058   0x08003508   0x0000002c   Data   RW          756    .data               hmc5883l.o
    0x20000084   0x08003534   0x00000002   Data   RW          862    .data               ioi2c.o
    0x20000086   0x08003536   0x00000020   Data   RW          890    .data               mpu6050.o
    0x200000a6   0x08003556   0x00000002   PAD
    0x200000a8   0x08003558   0x00000030   Data   RW          919    .data               ms5611.o
    0x200000d8   0x08003588   0x00000004   Data   RW         1043    .data               mc_w.l(errno.o)
    0x200000dc        -       0x00000018   Zero   RW            4    .bss                main.o
    0x200000f4        -       0x00000052   Zero   RW          755    .bss                hmc5883l.o
    0x20000146   0x0800358c   0x00000002   PAD
    0x20000148        -       0x000000a4   Zero   RW          889    .bss                mpu6050.o
    0x200001ec        -       0x0000001c   Zero   RW          918    .bss                ms5611.o
    0x20000208        -       0x00000400   Zero   RW          319    STACK               startup_stm32f40_41xxx.o


==============================================================================

Image component sizes


      Code (inc. data)   RO Data    RW Data    ZI Data      Debug   Object Name

       184          4          0          4          0       1489   delay.o
       132          8          0          0          0       2178   fmath.o
       764         18          0         44         82       5523   hmc5883l.o
      1112          6          0          2          0       6876   ioi2c.o
       544         48          0         48         24     242039   main.o
       176         12          0          0          0     231093   misc.o
       940         14          0         32        164       5333   mpu6050.o
      1244         90          0         48         28       6498   ms5611.o
        36          8        392          0       1024        820   startup_stm32f40_41xxx.o
       524         44          0          0          0       4489   stm32f4xx_gpio.o
        18          0          0          0          0      23402   stm32f4xx_it.o
      1152         48          0         16          0      13348   stm32f4xx_rcc.o
       380         36          0         20          0       1851   system_stm32f4xx.o

    ----------------------------------------------------------------------
      7208        336        424        216       1324     544939   Object Totals
         0          0         32          0          0          0   (incl. Generated)
         2          0          0          2          2          0   (incl. Padding)

    ----------------------------------------------------------------------

      Code (inc. data)   RO Data    RW Data    ZI Data      Debug   Library Member Name

       164         44          0          0          0        620   dunder.o
        24          0          0          0          0        124   fabs.o
        48          0          0          0          0        124   fpclassify.o
       248          0          0          0          0        152   poly.o
      3152        296        136          0          0        352   pow.o
         0          0          8          0          0          0   qnan.o
       110          0          0          0          0        148   sqrt.o
         0          0          0          0          0          0   entry.o
         0          0          0          0          0          0   entry10a.o
         0          0          0          0          0          0   entry11a.o
         8          4          0          0          0          0   entry2.o
         4          0          0          0          0          0   entry5.o
         0          0          0          0          0          0   entry7b.o
         0          0          0          0          0          0   entry8b.o
         8          4          0          0          0          0   entry9a.o
        12          6          0          4          0         68   errno.o
        30          0          0          0          0          0   handlers.o
        36          8          0          0          0         68   init.o
         0          0          0          0          0          0   iusefp.o
        98          0          0          0          0         84   ldiv.o
        30          0          0          0          0         68   llshl.o
        36          0          0          0          0         68   llsshr.o
        32          0          0          0          0         68   llushr.o
        98          0          0          0          0         92   uldiv.o
        48          0          0          0          0         68   cdrcmple.o
        56          0          0          0          0         88   d2f.o
       334          0          0          0          0        148   dadd.o
       222          0          0          0          0        100   ddiv.o
       186          0          0          0          0        176   depilogue.o
        62          0          0          0          0         80   dfixi.o
        34          0          0          0          0         76   dflti.o
        26          0          0          0          0         76   dfltui.o
       228          0          0          0          0         96   dmul.o
        46          0          0          0          0         80   dscalb.o
       162          0          0          0          0        100   dsqrt.o
        38          0          0          0          0         68   f2d.o
       110          0          0          0          0        168   fepilogue.o

    ----------------------------------------------------------------------
      5712        362        144          4          0       3360   Library Totals
        22          0          0          0          0          0   (incl. Padding)

    ----------------------------------------------------------------------

      Code (inc. data)   RO Data    RW Data    ZI Data      Debug   Library Name

      3746        340        144          0          0       1520   m_wm.l
       392         22          0          4          0        516   mc_w.l
      1552          0          0          0          0       1324   mf_w.l

    ----------------------------------------------------------------------
      5712        362        144          4          0       3360   Library Totals

    ----------------------------------------------------------------------

==============================================================================


      Code (inc. data)   RO Data    RW Data    ZI Data      Debug   

     12920        698        568        220       1324     543819   Grand Totals
     12920        698        568        220       1324     543819   ELF Image Totals
     12920        698        568        220          0          0   ROM Totals

==============================================================================

    Total RO  Size (Code + RO Data)                13488 (  13.17kB)
    Total RW  Size (RW Data + ZI Data)              1544 (   1.51kB)
    Total ROM Size (Code + RO Data + RW Data)      13708 (  13.39kB)

==============================================================================

